Microchip MPLAB XC8 Compiler V2.46

Linker command line:

\
  --edf=C:/Users/akihito/.mchp_packs/Microchip/PIC18F-Q_DFP/1.25.433/xc8\pic\dat\20240223164052_en.msgs \
  -pivt0x8=08h -cn -h+dist/default/production\MEZ88.X.production.sym \
  --cmf=dist/default/production\MEZ88.X.production.cmf -z -Q18F47Q43 \
  -oC:\Users\akihito\AppData\Local\Temp\xcAse5g.\driver_tmp_3.o \
  --defsym=__MPLAB_BUILD=1 --fixupoverflow=error \
  -Mdist/default/production/MEZ88.X.production.map \
  --md=C:\Users\akihito\AppData\Local\Temp\xcAse5g.\driver_tmp_0.dat -E1 \
  -ver=XC8 Compiler --acfsm=1493 -ACODE=00h-01FFFFh -ACONST=00h-01FFFFh \
  -ASMALLCONST=02500h-025FFhx475 \
  -AMEDIUMCONST=02500h-0FFFFh,012500h-01FFFFh -ACOMRAM=0501h-055Fh \
  -AABS1=0500h-024FFh -ABIGRAM=0501h-024FFh \
  -ARAM=0560h-05FFh,0600h-06FFhx31 -ABANK5=0560h-05FFh -ABANK6=0600h-06FFh \
  -ABANK7=0700h-07FFh -ABANK8=0800h-08FFh -ABANK9=0900h-09FFh \
  -ABANK10=0A00h-0AFFh -ABANK11=0B00h-0BFFh -ABANK12=0C00h-0CFFh \
  -ABANK13=0D00h-0DFFh -ABANK14=0E00h-0EFFh -ABANK15=0F00h-0FFFh \
  -ABANK16=01000h-010FFh -ABANK17=01100h-011FFh -ABANK18=01200h-012FFh \
  -ABANK19=01300h-013FFh -ABANK20=01400h-014FFh -ABANK21=01500h-015FFh \
  -ABANK22=01600h-016FFh -ABANK23=01700h-017FFh -ABANK24=01800h-018FFh \
  -ABANK25=01900h-019FFh -ABANK26=01A00h-01AFFh -ABANK27=01B00h-01BFFh \
  -ABANK28=01C00h-01CFFh -ABANK29=01D00h-01DFFh -ABANK30=01E00h-01EFFh \
  -ABANK31=01F00h-01FFFh -ABANK32=02000h-020FFh -ABANK33=02100h-021FFh \
  -ABANK34=02200h-022FFh -ABANK35=02300h-023FFh -ABANK36=02400h-024FFh \
  -ASFR=00h-0FFhx4,0400h-045Fh,0460h-04FFh,02500h-025FFh \
  -ABIGSFR=00h-04FFh,02500h-025FFh -ACONFIG=0300000h-0300011h \
  -AIDLOC=0200000h-020003Fh -AEEDATA=0380000h-03803FFh -peeprom_data=EEDATA \
  -preset_vec=00h -ppowerup=CODE,init -pramtop=02500h \
  -psmallconst=SMALLCONST -pmediumconst=MEDIUMCONST -pconst=CONST \
  -AFARRAM=00h-00h \
  -prdata=COMRAM,nvrram=COMRAM,nvbit=COMRAM,rbss=COMRAM,rbit=COMRAM \
  -pfarbss=FARRAM,fardata=FARRAM,nvFARRAM=FARRAM \
  -pintsave_regs=BIGRAM,bigbss=BIGRAM,bigdata=BIGRAM -pbss=RAM \
  -pidata=CODE,irdata=CODE,ibigdata=CODE,ifardata=CODE -prparam=COMRAM \
  C:\Users\akihito\AppData\Local\Temp\xcAse5g.\driver_tmp_14.o \
  dist/default/production\MEZ88.X.production.o 

Object code version is 3.11

Machine type is 18F47Q43



                Name                               Link     Load   Length Selector   Space Scale
C:\Users\akihito\AppData\Local\Temp\xcAse5g.\driver_tmp_14.o
                config                           300000   300000        A        0       4
                init                                102      102        4        4       0
                reset_vec                             0        0        4        0       0
dist/default/production\MEZ88.X.production.o
                config                           300000   300000        A        0       4
                mediumconst                        F618     F618      9E8     7B0C       0
                ivt0x8                                8        8       FA        4       0
                text201                           1F374    1F374       46     7CDD       0
                text200                           1EB54    1EB54       6A     8000       0
                text199                           1EA0C    1EA0C       72     8000       0
                text198                           1FB20    1FB20        2     7CDD       0
                text197                           19AE4    19AE4      1B4     8000       0
                text196                           1F93A    1F93A       1C     7CDD       0
                text195                           1FA64    1FA64       14     7CDD       0
                text194                           1FB0C    1FB0C        8     7CDD       0
                text193                           1EAEA    1EAEA       6A     8000       0
                text192                           1D51A    1D51A       CC     8000       0
                text191                           1DB2A    1DB2A       B8     8000       0
                text190                           1F60E    1F60E       38     7CDD       0
                text189                           1E2F2    1E2F2       94     8000       0
                text188                           1F01A    1F01A       54     8000       0
                text187                           1F3FE    1F3FE       42     7CDD       0
                text186                           1EDAA    1EDAA       5E     8000       0
                text185                           1F970    1F970       18     7CDD       0
                text184                           1F8DE    1F8DE       22     7CDD       0
                text183                           1F742    1F742       2A     7CDD       0
                text182                           1E63A    1E63A       84     8000       0
                text181                           1F8BC    1F8BC       22     7CDD       0
                text180                           16F1C    16F1C      328     8000       0
                text179                           1F89A    1F89A       22     7CDD       0
                text178                           1F32C    1F32C       46     8000       0
                text177                           1DBE2    1DBE2       B6     8000       0
                text176                           1D778    1D778       C4     8000       0
                text175                           1FA4E    1FA4E       16     7CDD       0
                text174                           1D5E6    1D5E6       CA     8000       0
                text173                           1D6B0    1D6B0       C8     8000       0
                text172                           1C468    1C468      10C     8000       0
                text171                           1CD6C    1CD6C       EC     8000       0
                text170                           1F6B2    1F6B2       34     7CDD       0
                text169                           1F3BA    1F3BA       44     7CDD       0
                text168                           1DFE8    1DFE8       9E     8000       0
                text167                           1957C    1957C      1E0     8000       0
                text166                           16460    16460      39C     8000       0
                text165                           1DDF4    1DDF4       AA     8000       0
                text164                           1C67A    1C67A      104     8000       0
                text163                           158AE    158AE      42A     8000       0
                text162                           1F5D6    1F5D6       38     7CDD       0
                text161                           146AE    146AE      4C0     8000       0
                text160                           1F2E6    1F2E6       46     8000       0
                text159                           1C574    1C574      106     8000       0
                text158                           1C980    1C980       FE     8000       0
                text157                           18794    18794      216     8000       0
                text156                           1EFC4    1EFC4       56     8000       0
                text155                           1F1B2    1F1B2       50     8000       0
                text154                           1F480    1F480       3C     7CDD       0
                text153                           10AC4    10AC4      A64     8000       0
                text152                           1F80A    1F80A       26     7CDD       0
                text151                           1D380    1D380       CE     8000       0
                text150                           1A4CA    1A4CA      19E     8000       0
                text149                           1AB0A    1AB0A      188     8000       0
                text148                           12D8E    12D8E      770     8000       0
                text147                           1EF6E    1EF6E       56     8000       0
                text146                           1F7BC    1F7BC       28     7CDD       0
                text145                           1B290    1B290      174     8000       0
                text144                           160C4    160C4      39C     8000       0
                text143                           1B56C    1B56C      168     8000       0
                text142                           15028    15028      45C     8000       0
                text141                           1B404    1B404      168     8000       0
                text140                           19FEA    19FEA      1A4     8000       0
                text139                           1D44E    1D44E       CC     8000       0
                text138                           15CD8    15CD8      3EC     8000       0
                text137                           1E5B6    1E5B6       84     8000       0
                text136                           1C77E    1C77E      102     8000       0
                text135                           134FE    134FE      714     8000       0
                text134                           1F59E    1F59E       38     7CDD       0
                text133                           1DF44    1DF44       A4     8000       0
                text132                           1EA7E    1EA7E       6C     8000       0
                text131                           1F794    1F794       28     7CDD       0
                text130                           141C2    141C2      4EC     8000       0
                text129                           13C12    13C12      5B0     8000       0
                text128                           11DA4    11DA4      802     8000       0
                text127                           1C880    1C880      100     8000       0
                text126                           1B6D4    1B6D4      164     8000       0
                text125                           1E532    1E532       84     8000       0
                text124                           1DA72    1DA72       B8     8000       0
                text123                           1AE16    1AE16      182     8000       0
                text122                           1E8AA    1E8AA       78     8000       0
                text121                           1F202    1F202       4E     8000       0
                text120                           1FB1C    1FB1C        4     7CDD       0
                text119                           1D9BA    1D9BA       B8     8000       0
                text118                           1C12E    1C12E      11A     8000       0
                text117                           1FAC0    1FAC0       12     7CDD       0
                text116                           1F250    1F250       4C     8000       0
                text115                           1DE9E    1DE9E       A6     8000       0
                text114                           1F566    1F566       38     7CDD       0
                text113                           189AA    189AA      212     8000       0
                text112                           1857E    1857E      216     8000       0
                text111                           11528    11528      87C     8000       0
                text110                           1992E    1992E      1B6     8000       0
                text109                           1FA38    1FA38       16     7CDD       0
                text108                           1E418    1E418       8E     8000       0
                text107                           1F91E    1F91E       1C     7CDD       0
                text106                           1EC8A    1EC8A       64     8000       0
                text105                           1E4A6    1E4A6       8C     8000       0
                text104                           1C000    1C000      12E     8000       0
                text103                           1FA22    1FA22       16     7CDD       0
                text102                           1E832    1E832       78     8000       0
                text101                           1EEBC    1EEBC       5A     8000       0
                text100                           1E1BE    1E1BE       9C     8000       0
                text99                            1FA0C    1FA0C       16     7CDD       0
                text98                            1F52E    1F52E       38     7CDD       0
                text97                            1FAE0    1FAE0        E     7CDD       0
                text96                            1D1DC    1D1DC       D6     8000       0
                text95                            1E25A    1E25A       98     8000       0
                text94                            1F29C    1F29C       4A     8000       0
                text93                            1F9F6    1F9F6       16     7CDD       0
                text92                            1A982    1A982      188     8000       0
                text91                            1A7F6    1A7F6      18C     8000       0
                text90                            1F9E0    1F9E0       16     7CDD       0
                text89                            1F9CA    1F9CA       16     7CDD       0
                text88                            1FAAE    1FAAE       12     7CDD       0
                text87                            1F9B4    1F9B4       16     7CDD       0
                text86                            1F99E    1F99E       16     7CDD       0
                text85                            1D8FC    1D8FC       BE     8000       0
                text84                            1A668    1A668      18E     8000       0
                text83                            1DD48    1DD48       AC     8000       0
                text82                            1CA7E    1CA7E       FC     8000       0
                text81                            1C248    1C248      112     8000       0
                text80                            1F988    1F988       16     7CDD       0
                text79                            1F67C    1F67C       36     7CDD       0
                text78                            1EC26    1EC26       64     8000       0
                text77                            19C98    19C98      1AE     8000       0
                text76                            1E122    1E122       9C     8000       0
                text75                            1BD82    1BD82      146     8000       0
                text74                            19396    19396      1E6     8000       0
                text73                            1FAD2    1FAD2        E     7CDD       0
                text72                            1C35A    1C35A      10E     8000       0
                text71                            17CC2    17CC2      238     8000       0
                text70                            1BAE4    1BAE4      150     8000       0
                text69                            1975C    1975C      1D2     8000       0
                text68                            18BBC    18BBC      200     8000       0
                text67                            1FB18    1FB18        4     7CDD       0
                text66                            1FA9C    1FA9C       12     7CDD       0
                text65                            1FB04    1FB04        8     7CDD       0
                text64                            1FA8A    1FA8A       12     7CDD       0
                text63                            1ED4C    1ED4C       5E     8000       0
                text62                            1F4F6    1F4F6       38     7CDD       0
                text61                            1E086    1E086       9C     8000       0
                text60                            1D020    1D020       E0     8000       0
                text59                            1EE62    1EE62       5A     8000       0
                text58                            167FC    167FC      396     8000       0
                text57                            1B994    1B994      150     8000       0
                text56                            15484    15484      42A     8000       0
                text55                            16B92    16B92      38A     8000       0
                text54                            1D2B2    1D2B2       CE     8000       0
                text53                            1AC92    1AC92      184     8000       0
                text52                            1E6BE    1E6BE       80     8000       0
                text51                            18362    18362      21C     8000       0
                text50                            17530    17530      2C0     8000       0
                text49                            17244    17244      2EC     8000       0
                text48                            18FB4    18FB4      1F4     8000       0
                text47                            1A32C    1A32C      19E     8000       0
                text46                            10000    10000      AC4     8000       0
                text45                            1AF98    1AF98      17E     8000       0
                text44                            19E46    19E46      1A4     8000       0
                text43                            18DBC    18DBC      1F8     8000       0
                text42                            1CE58    1CE58       E6     8000       0
                text41                            1E7BA    1E7BA       78     8000       0
                text40                            17A72    17A72      250     8000       0
                text39                            1F718    1F718       2A     7CDD       0
                text38                            1CB7A    1CB7A       FA     8000       0
                text37                            1F0C0    1F0C0       52     8000       0
                text36                            177F0    177F0      282     8000       0
                text35                            1BC34    1BC34      14E     8000       0
                text34                            1CF3E    1CF3E       E2     8000       0
                text33                            18130    18130      232     8000       0
                text32                            125A6    125A6      7E8     8000       0
                text31                            1F162    1F162       50     8000       0
                text30                            191A8    191A8      1EE     8000       0
                text29                            1EBBE    1EBBE       68     8000       0
                text28                            1F112    1F112       50     8000       0
                text27                            1ECEE    1ECEE       5E     8000       0
                text26                            1D100    1D100       DC     8000       0
                text25                            1FAEE    1FAEE        C     7CDD       0
                text24                            1EF16    1EF16       58     8000       0
                text23                            1B116    1B116      17A     8000       0
                text22                            1F7E4    1F7E4       26     7CDD       0
                text21                            1F4BC    1F4BC       3A     7CDD       0
                text20                            1B838    1B838      15C     8000       0
                text19                            1E998    1E998       74     8000       0
                text18                            1FAFA    1FAFA        A     7CDD       0
                text17                            1F956    1F956       1A     7CDD       0
                text16                            1F854    1F854       24     7CDD       0
                text15                            1F878    1F878       22     7CDD       0
                text14                            1D83C    1D83C       C0     8000       0
                text13                            1A18E    1A18E      19E     8000       0
                text12                            1E73E    1E73E       7C     8000       0
                text11                            1F6E6    1F6E6       32     7CDD       0
                text10                            1BEC8    1BEC8      138     8000       0
                text9                             14B6E    14B6E      4BA     8000       0
                text8                             1E386    1E386       92     8000       0
                text7                             1F900    1F900       1E     7CDD       0
                text6                             1F830    1F830       24     7CDD       0
                text5                             1FA78    1FA78       12     7CDD       0
                text4                             1F646    1F646       36     7CDD       0
                text3                             1F06E    1F06E       52     8000       0
                text2                             1E922    1E922       76     8000       0
                text1                             1DC98    1DC98       B0     8000       0
                text0                             17EFA    17EFA      236     8000       0
                cstackCOMRAM                        501      501       50      501       1
                cstackBANK5                         560      560       A0      560       1
                cstackBANK6                         600      600       EC      600       1
                cstackBANK7                         700      700       69      700       1
                cstackBANK8                         8D2      8D2        C      800       1
                bssBIGRAM                           B00      B00     171E      B00       1
                bssBANK10                           A00      A00      100      A00       1
                dataBANK9                           980      980       40      900       1
                bssBANK9                            900      900       80      900       1
                dataBANK8                           878      878       5A      800       1
                bssBANK8                            800      800       78      800       1
                dataBANK7                           7D0      7D0       28      700       1
                bssBANK7                            769      769       67      700       1
                dataBANK6                           6F6      6F6        4      600       1
                bssBANK6                            6EC      6EC        A      600       1
                bssCOMRAM                           551      551        7      501       1
                cinit                             1CC74    1CC74       F8     8000       0
                idataBANK9                        1F440    1F440       40     7CDD       0
                idataBANK8                        1EE08    1EE08       5A     8000       0
                idataBANK7                        1F76C    1F76C       28     7CDD       0
                idataBANK6                        1FB14    1FB14        4     7CDD       0

TOTAL           Name                               Link     Load   Length     Space
        CLASS   CODE           
                init                                102      102        4         0
                reset_vec                             0        0        4         0
                ivt0x8                                8        8       FA         0
                text201                           1F374    1F374       46         0
                text200                           1EB54    1EB54       6A         0
                text199                           1EA0C    1EA0C       72         0
                text198                           1FB20    1FB20        2         0
                text197                           19AE4    19AE4      1B4         0
                text196                           1F93A    1F93A       1C         0
                text195                           1FA64    1FA64       14         0
                text194                           1FB0C    1FB0C        8         0
                text193                           1EAEA    1EAEA       6A         0
                text192                           1D51A    1D51A       CC         0
                text191                           1DB2A    1DB2A       B8         0
                text190                           1F60E    1F60E       38         0
                text189                           1E2F2    1E2F2       94         0
                text188                           1F01A    1F01A       54         0
                text187                           1F3FE    1F3FE       42         0
                text186                           1EDAA    1EDAA       5E         0
                text185                           1F970    1F970       18         0
                text184                           1F8DE    1F8DE       22         0
                text183                           1F742    1F742       2A         0
                text182                           1E63A    1E63A       84         0
                text181                           1F8BC    1F8BC       22         0
                text180                           16F1C    16F1C      328         0
                text179                           1F89A    1F89A       22         0
                text178                           1F32C    1F32C       46         0
                text177                           1DBE2    1DBE2       B6         0
                text176                           1D778    1D778       C4         0
                text175                           1FA4E    1FA4E       16         0
                text174                           1D5E6    1D5E6       CA         0
                text173                           1D6B0    1D6B0       C8         0
                text172                           1C468    1C468      10C         0
                text171                           1CD6C    1CD6C       EC         0
                text170                           1F6B2    1F6B2       34         0
                text169                           1F3BA    1F3BA       44         0
                text168                           1DFE8    1DFE8       9E         0
                text167                           1957C    1957C      1E0         0
                text166                           16460    16460      39C         0
                text165                           1DDF4    1DDF4       AA         0
                text164                           1C67A    1C67A      104         0
                text163                           158AE    158AE      42A         0
                text162                           1F5D6    1F5D6       38         0
                text161                           146AE    146AE      4C0         0
                text160                           1F2E6    1F2E6       46         0
                text159                           1C574    1C574      106         0
                text158                           1C980    1C980       FE         0
                text157                           18794    18794      216         0
                text156                           1EFC4    1EFC4       56         0
                text155                           1F1B2    1F1B2       50         0
                text154                           1F480    1F480       3C         0
                text153                           10AC4    10AC4      A64         0
                text152                           1F80A    1F80A       26         0
                text151                           1D380    1D380       CE         0
                text150                           1A4CA    1A4CA      19E         0
                text149                           1AB0A    1AB0A      188         0
                text148                           12D8E    12D8E      770         0
                text147                           1EF6E    1EF6E       56         0
                text146                           1F7BC    1F7BC       28         0
                text145                           1B290    1B290      174         0
                text144                           160C4    160C4      39C         0
                text143                           1B56C    1B56C      168         0
                text142                           15028    15028      45C         0
                text141                           1B404    1B404      168         0
                text140                           19FEA    19FEA      1A4         0
                text139                           1D44E    1D44E       CC         0
                text138                           15CD8    15CD8      3EC         0
                text137                           1E5B6    1E5B6       84         0
                text136                           1C77E    1C77E      102         0
                text135                           134FE    134FE      714         0
                text134                           1F59E    1F59E       38         0
                text133                           1DF44    1DF44       A4         0
                text132                           1EA7E    1EA7E       6C         0
                text131                           1F794    1F794       28         0
                text130                           141C2    141C2      4EC         0
                text129                           13C12    13C12      5B0         0
                text128                           11DA4    11DA4      802         0
                text127                           1C880    1C880      100         0
                text126                           1B6D4    1B6D4      164         0
                text125                           1E532    1E532       84         0
                text124                           1DA72    1DA72       B8         0
                text123                           1AE16    1AE16      182         0
                text122                           1E8AA    1E8AA       78         0
                text121                           1F202    1F202       4E         0
                text120                           1FB1C    1FB1C        4         0
                text119                           1D9BA    1D9BA       B8         0
                text118                           1C12E    1C12E      11A         0
                text117                           1FAC0    1FAC0       12         0
                text116                           1F250    1F250       4C         0
                text115                           1DE9E    1DE9E       A6         0
                text114                           1F566    1F566       38         0
                text113                           189AA    189AA      212         0
                text112                           1857E    1857E      216         0
                text111                           11528    11528      87C         0
                text110                           1992E    1992E      1B6         0
                text109                           1FA38    1FA38       16         0
                text108                           1E418    1E418       8E         0
                text107                           1F91E    1F91E       1C         0
                text106                           1EC8A    1EC8A       64         0
                text105                           1E4A6    1E4A6       8C         0
                text104                           1C000    1C000      12E         0
                text103                           1FA22    1FA22       16         0
                text102                           1E832    1E832       78         0
                text101                           1EEBC    1EEBC       5A         0
                text100                           1E1BE    1E1BE       9C         0
                text99                            1FA0C    1FA0C       16         0
                text98                            1F52E    1F52E       38         0
                text97                            1FAE0    1FAE0        E         0
                text96                            1D1DC    1D1DC       D6         0
                text95                            1E25A    1E25A       98         0
                text94                            1F29C    1F29C       4A         0
                text93                            1F9F6    1F9F6       16         0
                text92                            1A982    1A982      188         0
                text91                            1A7F6    1A7F6      18C         0
                text90                            1F9E0    1F9E0       16         0
                text89                            1F9CA    1F9CA       16         0
                text88                            1FAAE    1FAAE       12         0
                text87                            1F9B4    1F9B4       16         0
                text86                            1F99E    1F99E       16         0
                text85                            1D8FC    1D8FC       BE         0
                text84                            1A668    1A668      18E         0
                text83                            1DD48    1DD48       AC         0
                text82                            1CA7E    1CA7E       FC         0
                text81                            1C248    1C248      112         0
                text80                            1F988    1F988       16         0
                text79                            1F67C    1F67C       36         0
                text78                            1EC26    1EC26       64         0
                text77                            19C98    19C98      1AE         0
                text76                            1E122    1E122       9C         0
                text75                            1BD82    1BD82      146         0
                text74                            19396    19396      1E6         0
                text73                            1FAD2    1FAD2        E         0
                text72                            1C35A    1C35A      10E         0
                text71                            17CC2    17CC2      238         0
                text70                            1BAE4    1BAE4      150         0
                text69                            1975C    1975C      1D2         0
                text68                            18BBC    18BBC      200         0
                text67                            1FB18    1FB18        4         0
                text66                            1FA9C    1FA9C       12         0
                text65                            1FB04    1FB04        8         0
                text64                            1FA8A    1FA8A       12         0
                text63                            1ED4C    1ED4C       5E         0
                text62                            1F4F6    1F4F6       38         0
                text61                            1E086    1E086       9C         0
                text60                            1D020    1D020       E0         0
                text59                            1EE62    1EE62       5A         0
                text58                            167FC    167FC      396         0
                text57                            1B994    1B994      150         0
                text56                            15484    15484      42A         0
                text55                            16B92    16B92      38A         0
                text54                            1D2B2    1D2B2       CE         0
                text53                            1AC92    1AC92      184         0
                text52                            1E6BE    1E6BE       80         0
                text51                            18362    18362      21C         0
                text50                            17530    17530      2C0         0
                text49                            17244    17244      2EC         0
                text48                            18FB4    18FB4      1F4         0
                text47                            1A32C    1A32C      19E         0
                text46                            10000    10000      AC4         0
                text45                            1AF98    1AF98      17E         0
                text44                            19E46    19E46      1A4         0
                text43                            18DBC    18DBC      1F8         0
                text42                            1CE58    1CE58       E6         0
                text41                            1E7BA    1E7BA       78         0
                text40                            17A72    17A72      250         0
                text39                            1F718    1F718       2A         0
                text38                            1CB7A    1CB7A       FA         0
                text37                            1F0C0    1F0C0       52         0
                text36                            177F0    177F0      282         0
                text35                            1BC34    1BC34      14E         0
                text34                            1CF3E    1CF3E       E2         0
                text33                            18130    18130      232         0
                text32                            125A6    125A6      7E8         0
                text31                            1F162    1F162       50         0
                text30                            191A8    191A8      1EE         0
                text29                            1EBBE    1EBBE       68         0
                text28                            1F112    1F112       50         0
                text27                            1ECEE    1ECEE       5E         0
                text26                            1D100    1D100       DC         0
                text25                            1FAEE    1FAEE        C         0
                text24                            1EF16    1EF16       58         0
                text23                            1B116    1B116      17A         0
                text22                            1F7E4    1F7E4       26         0
                text21                            1F4BC    1F4BC       3A         0
                text20                            1B838    1B838      15C         0
                text19                            1E998    1E998       74         0
                text18                            1FAFA    1FAFA        A         0
                text17                            1F956    1F956       1A         0
                text16                            1F854    1F854       24         0
                text15                            1F878    1F878       22         0
                text14                            1D83C    1D83C       C0         0
                text13                            1A18E    1A18E      19E         0
                text12                            1E73E    1E73E       7C         0
                text11                            1F6E6    1F6E6       32         0
                text10                            1BEC8    1BEC8      138         0
                text9                             14B6E    14B6E      4BA         0
                text8                             1E386    1E386       92         0
                text7                             1F900    1F900       1E         0
                text6                             1F830    1F830       24         0
                text5                             1FA78    1FA78       12         0
                text4                             1F646    1F646       36         0
                text3                             1F06E    1F06E       52         0
                text2                             1E922    1E922       76         0
                text1                             1DC98    1DC98       B0         0
                text0                             17EFA    17EFA      236         0
                cinit                             1CC74    1CC74       F8         0
                idataBANK9                        1F440    1F440       40         0
                idataBANK8                        1EE08    1EE08       5A         0
                idataBANK7                        1F76C    1F76C       28         0
                idataBANK6                        1FB14    1FB14        4         0

        CLASS   CONST          

        CLASS   SMALLCONST     

        CLASS   MEDIUMCONST    
                mediumconst                        F618     F618      9E8         0

        CLASS   COMRAM         
                cstackCOMRAM                        501      501       50         1
                bssCOMRAM                           551      551        7         1

        CLASS   ABS1           

        CLASS   BIGRAM         
                bssBIGRAM                           B00      B00     171E         1

        CLASS   RAM            

        CLASS   BANK5          
                cstackBANK5                         560      560       A0         1

        CLASS   BANK6          
                cstackBANK6                         600      600       EC         1
                dataBANK6                           6F6      6F6        4         1
                bssBANK6                            6EC      6EC        A         1

        CLASS   BANK7          
                cstackBANK7                         700      700       69         1
                dataBANK7                           7D0      7D0       28         1
                bssBANK7                            769      769       67         1

        CLASS   BANK8          
                cstackBANK8                         8D2      8D2        C         1
                dataBANK8                           878      878       5A         1
                bssBANK8                            800      800       78         1

        CLASS   BANK9          
                dataBANK9                           980      980       40         1
                bssBANK9                            900      900       80         1

        CLASS   BANK10         
                bssBANK10                           A00      A00      100         1

        CLASS   BANK11         

        CLASS   BANK12         

        CLASS   BANK13         

        CLASS   BANK14         

        CLASS   BANK15         

        CLASS   BANK16         

        CLASS   BANK17         

        CLASS   BANK18         

        CLASS   BANK19         

        CLASS   BANK20         

        CLASS   BANK21         

        CLASS   BANK22         

        CLASS   BANK23         

        CLASS   BANK24         

        CLASS   BANK25         

        CLASS   BANK26         

        CLASS   BANK27         

        CLASS   BANK28         

        CLASS   BANK29         

        CLASS   BANK30         

        CLASS   BANK31         

        CLASS   BANK32         

        CLASS   BANK33         

        CLASS   BANK34         

        CLASS   BANK35         

        CLASS   BANK36         

        CLASS   SFR            

        CLASS   BIGSFR         

        CLASS   CONFIG         
                config                           300000   300000        A         4

        CLASS   IDLOC          

        CLASS   EEDATA         

        CLASS   FARRAM         

        CLASS   HEAP           

        CLASS   STACK          



SEGMENTS        Name                           Load    Length   Top    Selector   Space  Class

                reset_vec                      000000  000004  000004         0       0  CODE    
                ivt0x8                         000008  0000FE  000106         4       0  CODE    
                cstackCOMRAM                   000501  000057  000558       501       1  COMRAM  
                cstackBANK5                    000560  0000A0  000600       560       1  BANK5   
                cstackBANK6                    000600  0000FA  0006FA       600       1  BANK6   
                cstackBANK7                    000700  0000F8  0007F8       700       1  BANK7   
                bssBANK8                       000800  0000DE  0008DE       800       1  BANK8   
                bssBANK9                       000900  0000C0  0009C0       900       1  BANK9   
                bssBANK10                      000A00  000100  000B00       A00       1  BANK10  
                bssBIGRAM                      000B00  00171E  00221E       B00       1  BIGRAM  
                mediumconst                    00F618  0009E8  010000      7B0C       0  MEDIUMCO
                text46                         010000  00F372  01F372      8000       0  CODE    
                text201                        01F374  0007AE  01FB22      7CDD       0  CODE    


UNUSED ADDRESS RANGES

        Name                Unused          Largest block    Delta
        BANK34           00221E-0022FF               E2
        BANK35           002300-0023FF              100
        BANK36           002400-0024FF              100
        BANK6            0006FA-0006FF                6
        BANK7            0007F8-0007FF                8
        BANK8            0008DE-0008FF               22
        BANK9            0009C0-0009FF               40
        BIGRAM           000558-00055F                8
                         0006FA-0006FF                6
                         0007F8-0007FF                8
                         0008DE-0008FF               22
                         0009C0-0009FF               40
                         00221E-0024FF              2E2
        BIGSFR           000000-0004FF              500
                         002500-0025FF              100
        CODE             000004-000007                4
                         000106-00F617             F512
                         01F372-01F373                2
                         01FB22-01FFFF              4DE
        COMRAM           000558-00055F                8
        CONFIG           30000A-300011                8
        CONST            000004-000007                4
                         000106-00F617             F512
                         01F372-01F373                2
                         01FB22-01FFFF              4DE
        EEDATA           380000-3803FF              400
        IDLOC            200000-20003F               40
        MEDIUMCONST      002500-00F617             D118
                         01F372-01F373                2
                         01FB22-01FFFF              4DE
        RAM              0006FA-0006FF                6
                         0007F8-0007FF                8
                         0008DE-0008FF               22
                         0009C0-0009FF               40
                         00221E-0024FF              100
        SFR              000000-0004FF              100
                         002500-0025FF              100
        SMALLCONST       002500-00F617              100
                         01F372-01F373                2
                         01FB22-01FFFF              100

                                  Symbol Table

?_SDCard_init                             cstackBANK5  0005DE
?_SDCard_read512                          cstackBANK6  000600
?_SDCard_write512                         cstackBANK6  000600
?___SDCard_command_r1                     cstackCOMRAM 000520
?___SDCard_crc16                          cstackCOMRAM 000509
?___aldiv                                 cstackCOMRAM 000509
?___almod                                 cstackCOMRAM 000509
?___fladd                                 cstackCOMRAM 000509
?___fldiv                                 cstackCOMRAM 00053D
?___flmul                                 cstackCOMRAM 000524
?___flneg                                 cstackCOMRAM 000509
?___flsub                                 cstackCOMRAM 00053D
?___fltol                                 cstackCOMRAM 000509
?___fpclassifyf                           cstackCOMRAM 000509
?___lldiv                                 cstackCOMRAM 000509
?___lmul                                  cstackCOMRAM 000509
?___lwdiv                                 cstackCOMRAM 00050F
?___lwmod                                 cstackCOMRAM 000509
?___wmul                                  cstackCOMRAM 000509
?___xxtofl                                cstackCOMRAM 000516
?_abs                                     cstackCOMRAM 000513
?_check_fs                                cstackBANK6  00063F
?_chk_i2cdev                              cstackBANK5  0005D6
?_chk_leap                                cstackCOMRAM 00050E
?_chk_os                                  cstackBANK6  0006CF
?_clst2sect                               cstackCOMRAM 000515
?_create_chain                            cstackBANK6  000660
?_days_from_1980                          cstackCOMRAM 00051A
?_dbc_1st                                 cstackCOMRAM 000509
?_dbc_2nd                                 cstackCOMRAM 000509
?_disk_init                               cstackBANK6  0006D4
?_dos_sec_size                            cstackCOMRAM 000509
?_find_volume                             cstackBANK6  00064D
?_floorf                                  cstackBANK5  00056D
?_get_fat                                 cstackBANK6  00063F
?_get_fattime                             cstackCOMRAM 000509
?_get_ldnumber                            cstackCOMRAM 000509
?_get_physical_addr                       cstackCOMRAM 000509
?_getax                                   cstackCOMRAM 000509
?_getch                                   cstackCOMRAM 000509
?_jan_to_days                             cstackCOMRAM 000509
?_labs                                    cstackCOMRAM 000509
?_ld_clust                                cstackCOMRAM 000510
?_ld_dword                                cstackCOMRAM 000509
?_ld_word                                 cstackCOMRAM 000509
?_leaps                                   cstackCOMRAM 000514
?_load_program                            cstackBANK6  0006D5
?_memcmp                                  cstackCOMRAM 000509
?_open_dskimg                             cstackBANK6  0006D5
?_printf                                  cstackBANK5  0005C8
?_read_disk                               cstackBANK6  0006BD
?_read_prec_or_width                      cstackCOMRAM 00050F
?_read_sector                             cstackBANK6  0006B3
?_read_sector@io_dos$F1950                cstackBANK6  0006AF
?_seek_disk                               cstackBANK6  0006A6
?_seek_disk@io_dos$F1904                  cstackBANK6  0006A6
?_set_bpb                                 cstackCOMRAM 000509
?_set_drive                               cstackCOMRAM 000509
?_setup_drive                             cstackCOMRAM 000509
?_setup_drive@io_dos$F1890                cstackCOMRAM 00050C
?_sprintf                                 cstackBANK5  0005C8
?_strchr                                  cstackCOMRAM 000509
?_strcmp                                  cstackCOMRAM 000509
?_vfprintf                                cstackBANK5  0005C0
?_write_disk                              cstackBANK6  0006B9
?_write_sector                            cstackBANK6  0006B3
?_write_sector@io_dos$F2014               cstackBANK6  0006AF
?_write_verify                            cstackBANK6  0006BD
I2C_ByteRead@buf                          cstackCOMRAM 000509
I2C_ByteRead@client_addr                  cstackCOMRAM 00050B
I2C_ByteRead@res                          cstackCOMRAM 00050C
I2C_ByteWrite@client_addr                 cstackCOMRAM 00050A
I2C_ByteWrite@data                        cstackCOMRAM 000509
I2C_ByteWrite@res                         cstackCOMRAM 00050B
IVTBASEH                                  (abs)        00045E
IVTBASEL                                  (abs)        00045D
IVTBASEU                                  (abs)        00045F
SDCard_command@argument                   cstackCOMRAM 000530
SDCard_command@command                    cstackCOMRAM 000538
SDCard_command@length                     cstackCOMRAM 000536
SDCard_command@response_buffer            cstackCOMRAM 000534
SDCard_command@responsep                  cstackCOMRAM 00053D
SDCard_command@result                     cstackCOMRAM 00053B
SDCard_command@spi                        cstackCOMRAM 000539
SDCard_crc@buf                            cstackCOMRAM 000509
SDCard_crc@count                          cstackCOMRAM 00050B
SDCard_crc@crc                            cstackCOMRAM 000511
SDCard_crc@endp                           cstackCOMRAM 00050D
SDCard_crc@i                              cstackCOMRAM 00050F
SDCard_crc@p                              cstackCOMRAM 000512
SDCard_end_transaction@spi                cstackCOMRAM 00051A
SDCard_init@buf                           cstackBANK5  0005E9
SDCard_init@clock_speed                   cstackBANK5  0005E0
SDCard_init@i                             cstackBANK5  0005E5
SDCard_init@initial_clock_speed           cstackBANK5  0005DE
SDCard_init@spi                           cstackBANK5  0005E7
SDCard_init@timeout                       cstackBANK5  0005E2
SDCard_read512@addr                       cstackBANK6  000600
SDCard_read512@buf                        cstackBANK6  000606
SDCard_read512@count                      cstackBANK6  000608
SDCard_read512@crc                        cstackBANK6  000616
SDCard_read512@i                          cstackBANK6  00060A
SDCard_read512@i_717                      cstackBANK6  00060C
SDCard_read512@offs                       cstackBANK6  000604
SDCard_read512@resp_crc                   cstackBANK6  000610
SDCard_read512@response                   cstackBANK6  000618
SDCard_read512@result                     cstackBANK6  000612
SDCard_read512@retry                      cstackBANK6  00060E
SDCard_read512@spi                        cstackBANK6  000614
SDCard_write512@addr                      cstackBANK6  000600
SDCard_write512@buf                       cstackBANK6  000606
SDCard_write512@count                     cstackBANK6  000608
SDCard_write512@crc                       cstackBANK6  000612
SDCard_write512@i                         cstackBANK6  00060A
SDCard_write512@i_734                     cstackBANK6  00060C
SDCard_write512@offs                      cstackBANK6  000604
SDCard_write512@response                  cstackBANK6  000616
SDCard_write512@result                    cstackBANK6  000610
SDCard_write512@retry                     cstackBANK6  00060E
SDCard_write512@spi                       cstackBANK6  000614
SPI_SD_begin@ctx                          cstackCOMRAM 00050B
SPI_SD_begin@ctx_                         cstackCOMRAM 000509
SPI_SD_begin_transaction@ctx_             cstackCOMRAM 00050D
SPI_SD_configure@bit_order                cstackBANK5  0005DA
SPI_SD_configure@clock_speed              cstackBANK5  0005D8
SPI_SD_configure@ctx_                     cstackBANK5  0005D6
SPI_SD_configure@data_mode                cstackBANK5  0005DB
SPI_SD_dummy_clocks@clocks                cstackCOMRAM 000515
SPI_SD_dummy_clocks@ctx_                  cstackCOMRAM 000513
SPI_SD_dummy_clocks@dummy                 cstackCOMRAM 000519
SPI_SD_dummy_clocks@i                     cstackCOMRAM 000517
SPI_SD_end_transaction@ctx_               cstackCOMRAM 00050D
SPI_SD_receive@buf                        cstackCOMRAM 00050B
SPI_SD_receive@count                      cstackCOMRAM 00050D
SPI_SD_receive@ctx_                       cstackCOMRAM 000509
SPI_SD_receive@i                          cstackCOMRAM 000512
SPI_SD_receive@i_633                      cstackCOMRAM 000514
SPI_SD_receive@p                          cstackCOMRAM 000515
SPI_SD_receive@repeat                     cstackCOMRAM 000511
SPI_SD_receive_byte@ctx_                  cstackCOMRAM 000517
SPI_SD_receive_byte@dummy                 cstackCOMRAM 000519
SPI_SD_select@ctx_                        cstackCOMRAM 000509
SPI_SD_select@select                      cstackCOMRAM 00050B
SPI_SD_send@buf                           cstackCOMRAM 00050B
SPI_SD_send@count                         cstackCOMRAM 00050D
SPI_SD_send@ctx_                          cstackCOMRAM 000509
SPI_SD_send@i                             cstackCOMRAM 00050F
SPI_SD_send@p                             cstackCOMRAM 000511
TIMER0_ISR@tmpCnt                         cstackCOMRAM 000501
URT3Rx_ISR@rx_data                        cstackCOMRAM 000505
URT5Rx_ISR@ax_data                        cstackCOMRAM 000508
_ANSELA                                   (abs)        000400
_ANSELB                                   (abs)        000408
_ANSELC                                   (abs)        000410
_ANSELD                                   (abs)        000418
_ANSELE0                                  (abs)        002100
_ANSELE1                                  (abs)        002101
_ANSELE2                                  (abs)        002102
_CLC3OUT                                  (abs)        0006A2
_CLCIN4PPS                                (abs)        000265
_CLCIN5PPS                                (abs)        000266
_CLCSELECT                                (abs)        0000D5
_CLCnCON                                  (abs)        0000D6
_CLCnGLS0                                 (abs)        0000DC
_CLCnGLS1                                 (abs)        0000DD
_CLCnGLS2                                 (abs)        0000DE
_CLCnGLS3                                 (abs)        0000DF
_CLCnPOL                                  (abs)        0000D7
_CLCnSEL0                                 (abs)        0000D8
_CLCnSEL1                                 (abs)        0000D9
_CLCnSEL2                                 (abs)        0000DA
_CLCnSEL3                                 (abs)        0000DB
_DbcTbl                                   mediumconst  00F631
_Default_ISR                              text198      01FB20
_FatFs                                    bssBANK7     000786
_Fsid                                     bssBANK7     000784
_G3POL                                    (abs)        0006BA
_GIE                                      (abs)        0026B7
_I2C1ADB1                                 (abs)        00028F
_I2C1CLK                                  (abs)        00029C
_I2C1CNT                                  (abs)        00028D
_I2C1CON0bits                             (abs)        000294
_I2C1CON1bits                             (abs)        000295
_I2C1CON2bits                             (abs)        000296
_I2C1ERR                                  (abs)        000297
_I2C1PIE                                  (abs)        00029B
_I2C1PIR                                  (abs)        00029A
_I2C1PIRbits                              (abs)        00029A
_I2C1RXB                                  (abs)        00028B
_I2C1SCLPPS                               (abs)        000271
_I2C1SDAPPS                               (abs)        000270
_I2C1STAT0bits                            (abs)        000298
_I2C1STAT1bits                            (abs)        000299
_I2C1TXB                                  (abs)        00028C
_I2C1_Init                                text22       01F7E4
_I2C_ByteRead                             text29       01EBBE
_I2C_ByteWrite                            text28       01F112
_I2C_Check_BusFree                        text27       01ECEE
_IVTBASE                                  (abs)        00045D
_IVTLOCK                                  (abs)        000459
_IVTLOCKbits                              (abs)        000459
_LATA0                                    (abs)        0025F0
_LATA1                                    (abs)        0025F1
_LATA2                                    (abs)        0025F2
_LATA3                                    (abs)        0025F3
_LATA4                                    (abs)        0025F4
_LATA5                                    (abs)        0025F5
_LATA6                                    (abs)        0025F6
_LATB                                     (abs)        0004BF
_LATC0                                    (abs)        002600
_LATC1                                    (abs)        002601
_LATC3                                    (abs)        002603
_LATC4                                    (abs)        002604
_LATC5                                    (abs)        002605
_LATC6                                    (abs)        002606
_LATC7                                    (abs)        002607
_LATD                                     (abs)        0004C1
_LATE0                                    (abs)        002610
_LATE1                                    (abs)        002611
_LATE2                                    (abs)        002612
_LFOEN                                    (abs)        00059C
_MFOEN                                    (abs)        00059D
_ODCONC                                   (abs)        000412
_OSCFRQ                                   (abs)        0000B1
_PORTB                                    (abs)        0004CF
_PWM1CLK                                  (abs)        000461
_PWM1CON                                  (abs)        000469
_PWM1GIE                                  (abs)        000468
_PWM1PR                                   (abs)        000463
_PWM1S1CFG                                (abs)        00046A
_PWM1S1P1                                 (abs)        00046B
_PWM1S1P2                                 (abs)        00046D
_RA5                                      (abs)        002675
_RA6PPS                                   (abs)        000207
_RB0PPS                                   (abs)        000209
_RB1PPS                                   (abs)        00020A
_RC1PPS                                   (abs)        000212
_RC3                                      (abs)        002683
_RC3I2C                                   (abs)        000287
_RC3PPS                                   (abs)        000214
_RC4                                      (abs)        002684
_RC4I2C                                   (abs)        000286
_RC4PPS                                   (abs)        000215
_RC6PPS                                   (abs)        000217
_RC7PPS                                   (abs)        000218
_SDCard_command                           text12       01E73E
_SDCard_crc                               text182      01E63A
_SDCard_end_transaction                   text183      01F742
_SDCard_init                              text9        014B6E
_SDCard_read512                           text144      0160C4
_SDCard_write512                          text142      015028
_SLRCONBbits                              (abs)        00040B
_SPI1BAUD                                 (abs)        000089
_SPI1CLK                                  (abs)        00008C
_SPI1CON0                                 (abs)        000084
_SPI1CON0bits                             (abs)        000084
_SPI1CON1                                 (abs)        000085
_SPI1CON1bits                             (abs)        000085
_SPI1CON2bits                             (abs)        000086
_SPI1INTE                                 (abs)        00008B
_SPI1RXB                                  (abs)        000080
_SPI1RXIF                                 (abs)        002588
_SPI1SCKPPS                               (abs)        00026A
_SPI1SDIPPS                               (abs)        00026B
_SPI1TCNTH                                (abs)        000083
_SPI1TCNTL                                (abs)        000082
_SPI1TWIDTH                               (abs)        000088
_SPI1TXB                                  (abs)        000081
_SPI_SD_begin                             text11       01F6E6
_SPI_SD_begin_transaction                 text181      01F8BC
_SPI_SD_configure                         text10       01BEC8
_SPI_SD_ctx                               dataBANK7    0007DC
_SPI_SD_dummy_clocks                      text186      01EDAA
_SPI_SD_end_transaction                   text184      01F8DE
_SPI_SD_receive                           text180      016F1C
_SPI_SD_receive_byte                      text179      01F89A
_SPI_SD_select                            text185      01F970
_SPI_SD_send                              text189      01E2F2
_T0CON0                                   (abs)        00031A
_T0CON1                                   (abs)        00031B
_TIMER0_ISR                               text199      01EA0C
_TMR0H                                    (abs)        000319
_TMR0IE                                   (abs)        00250F
_TMR0IF                                   (abs)        00258F
_TMR0L                                    (abs)        000318
_TRISA0                                   (abs)        002630
_TRISA1                                   (abs)        002631
_TRISA2                                   (abs)        002632
_TRISA3                                   (abs)        002633
_TRISA4                                   (abs)        002634
_TRISA5                                   (abs)        002635
_TRISA6                                   (abs)        002636
_TRISA7                                   (abs)        002637
_TRISB                                    (abs)        0004C7
_TRISB0                                   (abs)        002638
_TRISB1                                   (abs)        002639
_TRISB2                                   (abs)        00263A
_TRISC0                                   (abs)        002640
_TRISC1                                   (abs)        002641
_TRISC2                                   (abs)        002642
_TRISC3                                   (abs)        002643
_TRISC4                                   (abs)        002644
_TRISC5                                   (abs)        002645
_TRISC6                                   (abs)        002646
_TRISC7                                   (abs)        002647
_TRISD                                    (abs)        0004C9
_TRISE0                                   (abs)        002650
_TRISE1                                   (abs)        002651
_TRISE2                                   (abs)        002652
_U3BRG                                    (abs)        0002D4
_U3ON                                     (abs)        001697
_U3RXB                                    (abs)        0002C7
_U3RXEN                                   (abs)        00168C
_U3RXIE                                   (abs)        002538
_U3RXPPS                                  (abs)        000276
_U3TXB                                    (abs)        0002C9
_U3TXEN                                   (abs)        00168D
_U3TXIF                                   (abs)        0025B9
_U5BRG                                    (abs)        0002FA
_U5ON                                     (abs)        0017C7
_U5RXB                                    (abs)        0002ED
_U5RXEN                                   (abs)        0017BC
_U5RXIE                                   (abs)        002558
_U5RXPPS                                  (abs)        00027A
_U5TXB                                    (abs)        0002EF
_U5TXEN                                   (abs)        0017BD
_U5TXIF                                   (abs)        0025D9
_URT3Rx_ISR                               text200      01EB54
_URT5Rx_ISR                               text201      01F374
_WPUA0                                    (abs)        002008
_WPUA1                                    (abs)        002009
_WPUA2                                    (abs)        00200A
_WPUA3                                    (abs)        00200B
_WPUA4                                    (abs)        00200C
_WPUA5                                    (abs)        00200D
_WPUB                                     (abs)        000409
_WPUC0                                    (abs)        002088
_WPUC3                                    (abs)        00208B
_WPUC4                                    (abs)        00208C
_WPUC5                                    (abs)        00208D
_WPUC6                                    (abs)        00208E
_WPUC7                                    (abs)        00208F
_WPUD                                     (abs)        000419
_WPUE1                                    (abs)        002109
_WPUE2                                    (abs)        00210A
__HRAM                                    (abs)        000000
__H__absolute__                           __absolute__ 000000
__Habs1                                   abs1         000000
__Hbank10                                 bank10       000000
__Hbank11                                 bank11       000000
__Hbank12                                 bank12       000000
__Hbank13                                 bank13       000000
__Hbank14                                 bank14       000000
__Hbank15                                 bank15       000000
__Hbank16                                 bank16       000000
__Hbank17                                 bank17       000000
__Hbank18                                 bank18       000000
__Hbank19                                 bank19       000000
__Hbank20                                 bank20       000000
__Hbank21                                 bank21       000000
__Hbank22                                 bank22       000000
__Hbank23                                 bank23       000000
__Hbank24                                 bank24       000000
__Hbank25                                 bank25       000000
__Hbank26                                 bank26       000000
__Hbank27                                 bank27       000000
__Hbank28                                 bank28       000000
__Hbank29                                 bank29       000000
__Hbank30                                 bank30       000000
__Hbank31                                 bank31       000000
__Hbank32                                 bank32       000000
__Hbank33                                 bank33       000000
__Hbank34                                 bank34       000000
__Hbank35                                 bank35       000000
__Hbank36                                 bank36       000000
__Hbank5                                  bank5        000000
__Hbank6                                  bank6        000000
__Hbank7                                  bank7        000000
__Hbank8                                  bank8        000000
__Hbank9                                  bank9        000000
__Hbigbss                                 bigbss       000000
__Hbigdata                                bigdata      000000
__Hbigram                                 bigram       000000
__Hbigsfr                                 bigsfr       000000
__Hbss                                    bss          000000
__HbssBANK10                              bssBANK10    000000
__HbssBANK6                               bssBANK6     000000
__HbssBANK7                               bssBANK7     000000
__HbssBANK8                               bssBANK8     000000
__HbssBANK9                               bssBANK9     000000
__HbssBIGRAM                              bssBIGRAM    000000
__HbssCOMRAM                              bssCOMRAM    000000
__Hcinit                                  cinit        000000
__Hclrtext                                clrtext      000000
__Hcomram                                 comram       000000
__Hconfig                                 config       30000A
__Hconst                                  const        000000
__HcstackBANK5                            cstackBANK5  000000
__HcstackBANK6                            cstackBANK6  000000
__HcstackBANK7                            cstackBANK7  000000
__HcstackBANK8                            cstackBANK8  000000
__HcstackCOMRAM                           cstackCOMRAM 000000
__Hdata                                   data         000000
__HdataBANK6                              dataBANK6    000000
__HdataBANK7                              dataBANK7    000000
__HdataBANK8                              dataBANK8    000000
__HdataBANK9                              dataBANK9    000000
__Heeprom_data                            eeprom_data  000000
__Hfarbss                                 farbss       000000
__Hfardata                                fardata      000000
__Hheap                                   heap         000000
__Hibigdata                               ibigdata     000000
__Hidata                                  idata        000000
__HidataBANK6                             idataBANK6   000000
__HidataBANK7                             idataBANK7   000000
__HidataBANK8                             idataBANK8   000000
__HidataBANK9                             idataBANK9   000000
__Hidloc                                  idloc        000000
__Hifardata                               ifardata     000000
__Hinit                                   init         000106
__Hintsave_regs                           intsave_regs 000000
__Hirdata                                 irdata       000000
__Hivt0x8                                 ivt0x8       000102
__Hmediumconst                            mediumconst  010000
__HnvFARRAM                               nvFARRAM     000000
__Hnvbit                                  nvbit        000000
__Hnvrram                                 nvrram       000000
__Hparam                                  rparam       000000
__Hpowerup                                powerup      000000
__Hram                                    ram          000000
__Hramtop                                 ramtop       002500
__Hrbit                                   rbit         000000
__Hrbss                                   rbss         000000
__Hrdata                                  rdata        000000
__Hreset_vec                              reset_vec    000004
__Hrparam                                 rparam       000000
__Hsfr                                    sfr          000000
__Hsmallconst                             smallconst   000000
__Hspace_0                                (abs)        01FB22
__Hspace_1                                (abs)        00221E
__Hspace_2                                (abs)        000000
__Hspace_4                                (abs)        60000A
__Hstack                                  stack        000000
__Hstruct                                 struct       000000
__Htemp                                   temp         000000
__Htext                                   text         000000
__Htext0                                  text0        000000
__Htext1                                  text1        000000
__Htext10                                 text10       000000
__Htext100                                text100      000000
__Htext101                                text101      000000
__Htext102                                text102      000000
__Htext103                                text103      000000
__Htext104                                text104      000000
__Htext105                                text105      000000
__Htext106                                text106      000000
__Htext107                                text107      000000
__Htext108                                text108      000000
__Htext109                                text109      000000
__Htext11                                 text11       000000
__Htext110                                text110      000000
__Htext111                                text111      000000
__Htext112                                text112      000000
__Htext113                                text113      000000
__Htext114                                text114      000000
__Htext115                                text115      000000
__Htext116                                text116      000000
__Htext117                                text117      000000
__Htext118                                text118      000000
__Htext119                                text119      000000
__Htext12                                 text12       000000
__Htext120                                text120      000000
__Htext121                                text121      000000
__Htext122                                text122      000000
__Htext123                                text123      000000
__Htext124                                text124      000000
__Htext125                                text125      000000
__Htext126                                text126      000000
__Htext127                                text127      000000
__Htext128                                text128      000000
__Htext129                                text129      000000
__Htext13                                 text13       000000
__Htext130                                text130      000000
__Htext131                                text131      000000
__Htext132                                text132      000000
__Htext133                                text133      000000
__Htext134                                text134      000000
__Htext135                                text135      000000
__Htext136                                text136      000000
__Htext137                                text137      000000
__Htext138                                text138      000000
__Htext139                                text139      000000
__Htext14                                 text14       000000
__Htext140                                text140      000000
__Htext141                                text141      000000
__Htext142                                text142      000000
__Htext143                                text143      000000
__Htext144                                text144      000000
[...]
util_hexdump@chars                        cstackBANK5  0005DE
util_hexdump@header                       cstackBANK5  0005D6
util_hexdump@i                            cstackBANK5  0005F1
util_hexdump@size                         cstackBANK5  0005DA
util_hexdump_sum@addr                     cstackBANK5  0005F5
util_hexdump_sum@header                   cstackBANK5  0005F3
util_hexdump_sum@i                        cstackBANK5  0005FB
util_hexdump_sum@p                        cstackBANK5  0005F9
util_hexdump_sum@size                     cstackBANK5  0005F7
util_hexdump_sum@sum                      cstackBANK5  0005FD
validate@obj                              cstackBANK5  0005D7
validate@res                              cstackBANK5  0005E1
validate@rfs                              cstackBANK5  0005D9
vfpfcnvrt@ap                              cstackBANK5  0005B2
vfpfcnvrt@c                               cstackBANK5  0005BD
vfpfcnvrt@convarg                         cstackBANK5  0005B9
vfpfcnvrt@cp                              cstackBANK5  0005BE
vfpfcnvrt@done                            cstackBANK5  0005B8
vfpfcnvrt@fmt                             cstackBANK5  0005B0
vfpfcnvrt@fp                              cstackBANK5  0005AE
vfprintf@ap                               cstackBANK5  0005C4
vfprintf@cfmt                             cstackBANK5  0005C6
vfprintf@fmt                              cstackBANK5  0005C2
vfprintf@fp                               cstackBANK5  0005C0
write_I2C@buff                            cstackCOMRAM 00050B
write_I2C@client_addr                     cstackCOMRAM 00050D
write_I2C@cnt                             cstackCOMRAM 00050E
write_I2C@count                           cstackCOMRAM 00050A
write_I2C@wordAdd                         cstackCOMRAM 000509
write_disk@cnt                            cstackBANK6  0006BB
write_disk@req_h                          cstackBANK6  0006B9
write_sector@addr                         cstackBANK6  0006B8
write_sector@filep                        cstackBANK6  0006BC
write_sector@fres                         cstackBANK6  0006BE
write_sector@io_dos$F2014@filep           cstackBANK6  0006B4
write_sector@io_dos$F2014@fres            cstackBANK6  0006B6
write_sector@io_dos$F2014@n               cstackBANK6  0006B7
write_sector@io_dos$F2014@req_h           cstackBANK6  0006AF
write_sector@n                            cstackBANK6  0006BF
write_sram@ab                             cstackCOMRAM 00051C
write_sram@addr                           cstackCOMRAM 000511
write_sram@buf                            cstackCOMRAM 000515
write_sram@i                              cstackCOMRAM 00051A
write_sram@len                            cstackCOMRAM 000517
write_verify@cnt                          cstackBANK6  0006C1
write_verify@i                            cstackBANK6  0006C3
write_verify@req_h                        cstackBANK6  0006BD
xtoa@a                                    cstackCOMRAM 00052E
xtoa@c                                    cstackCOMRAM 000535
xtoa@d                                    cstackCOMRAM 000525
xtoa@fp                                   cstackCOMRAM 000523
xtoa@i                                    cstackCOMRAM 000536
xtoa@p                                    cstackCOMRAM 000531
xtoa@w                                    cstackCOMRAM 000533
xtoa@x                                    cstackCOMRAM 000529


MODULE INFORMATION

Module		Function		Class		Link	Load	Size
C:\Program Files\Microchip\xc8\v2.46\pic\sources\c99\common\fltol.c
		___fltol       		CODE           	1C574	0000	262

C:\Program Files\Microchip\xc8\v2.46\pic\sources\c99\common\fltol.c estimated size: 262

C:\Program Files\Microchip\xc8\v2.46\pic\sources\c99\common\printf.c
		_printf        		CODE           	1F7BC	0000	40

C:\Program Files\Microchip\xc8\v2.46\pic\sources\c99\common\printf.c estimated size: 40

../src/mez88_47Q_main.c
		_main          		CODE           	17EFA	0000	566
		_open_dskimg   		CODE           	191A8	0000	494
		_setup_msdos   		CODE           	1A18E	0000	414
		_setup_cpm     		CODE           	1B838	0000	348
		_disk_init     		CODE           	1F0C0	0000	82
		_load_program  		CODE           	1B116	0000	378
		_chk_os        		CODE           	17A72	0000	592

../src/mez88_47Q_main.c estimated size: 2874

../drivers/diskio.c
		_get_fattime   		CODE           	1FAC0	0000	18
		_disk_initialize		CODE           	17530	0000	704
		_disk_write    		CODE           	1B404	0000	360
		_disk_status   		CODE           	1E5B6	0000	132
		_disk_ioctl    		CODE           	1DE9E	0000	166
		_disk_read     		CODE           	1B56C	0000	360

../drivers/diskio.c estimated size: 1740

C:\Program Files\Microchip\xc8\v2.46\pic\sources\c99\common\floorf.c
		_floorf        		CODE           	18794	0000	534

C:\Program Files\Microchip\xc8\v2.46\pic\sources\c99\common\floorf.c estimated size: 534

C:\Program Files\Microchip\xc8\v2.46\pic\sources\c99\common\nf_fputc.c
		_fputc         		CODE           	1D5E6	0000	202

C:\Program Files\Microchip\xc8\v2.46\pic\sources\c99\common\nf_fputc.c estimated size: 202

../src/boards/../../drivers/SDCard.c
		_SDCard_crc    		CODE           	1E63A	0000	132
		___SDCard_crc16		CODE           	1D778	0000	196
		_SDCard_init   		CODE           	14B6E	0000	1210
		_SDCard_read512		CODE           	160C4	0000	924
		_SDCard_command		CODE           	1E73E	0000	124
		_SDCard_write512		CODE           	15028	0000	1116
		_SDCard_end_transaction		CODE           	1F742	0000	42
		___SDCard_wait_response		CODE           	1F32C	0000	70
		___SDCard_command_r1		CODE           	1DBE2	0000	182

../src/boards/../../drivers/SDCard.c estimated size: 3996

../src/io_cpm.c
		_seek_disk     		CODE           	1C880	0000	256
		_unimon_console		CODE           	1C12E	0000	282
		_cpmio_init    		CODE           	1FAEE	0000	12
		_setup_drive   		CODE           	1E8AA	0000	120
		_dsk_err       		CODE           	1FB0C	0000	8
		_write_sector  		CODE           	1992E	0000	438
		_read_sector   		CODE           	1AE16	0000	386
		_cpm_bus_master_operation		CODE           	18BBC	0000	512

../src/io_cpm.c estimated size: 2014

C:\Program Files\Microchip\xc8\v2.46\pic\sources\c99\common\lwdiv.c
		___lwdiv       		CODE           	1E998	0000	116

C:\Program Files\Microchip\xc8\v2.46\pic\sources\c99\common\lwdiv.c estimated size: 116

../src/boards/../../drivers/pic18f57q43_spi.c
		_SPI_SD_send   		CODE           	1E2F2	0000	148
		_SPI_SD_begin  		CODE           	1F6E6	0000	50
		_SPI_SD_select 		CODE           	1F970	0000	24
		_SPI_SD_configure		CODE           	1BEC8	0000	312
		_SPI_SD_receive_byte		CODE           	1F89A	0000	34
		_SPI_SD_receive		CODE           	16F1C	0000	808
		_SPI_SD_end_transaction		CODE           	1F8DE	0000	34
		_SPI_SD_dummy_clocks		CODE           	1EDAA	0000	94
		_release_bus   		CODE           	1F3FE	0000	66
		_SPI_SD_begin_transaction		CODE           	1F8BC	0000	34
		_acquire_bus   		CODE           	1F01A	0000	84

../src/boards/../../drivers/pic18f57q43_spi.c estimated size: 1688

C:\Program Files\Microchip\xc8\v2.46\pic\sources\c99\common\xxtofl.c
		___xxtofl      		CODE           	19AE4	0000	436

C:\Program Files\Microchip\xc8\v2.46\pic\sources\c99\common\xxtofl.c estimated size: 436

C:\Program Files\Microchip\xc8\v2.46\pic\sources\c99\common\aldiv.c
		___aldiv       		CODE           	1C468	0000	268

C:\Program Files\Microchip\xc8\v2.46\pic\sources\c99\common\aldiv.c estimated size: 268

../src/boards/mez88_common.c
		_get_physical_addr		CODE           	1F59E	0000	56
		_mez88_common_sys_init		CODE           	1E922	0000	118
		_putch         		CODE           	1FA4E	0000	22
		_getax         		CODE           	1F29C	0000	74
		_uart5_init    		CODE           	1F900	0000	30
		_devio_init    		CODE           	1F718	0000	42
		_timer0_init   		CODE           	1F854	0000	36
		_write_sram    		CODE           	1DA72	0000	184
		_URT3Rx_ISR    		CODE           	1EB54	0000	106
		_read_sram     		CODE           	1D9BA	0000	184
		_emu88_common_wait_for_programmer		CODE           	1F06E	0000	82
		_URT5Rx_ISR    		CODE           	1F374	0000	70
		_getch         		CODE           	1F202	0000	78
		_mez88_common_start_i88		CODE           	1FA78	0000	18
		_putax         		CODE           	1F9F6	0000	22
		_TIMER0_ISR    		CODE           	1EA0C	0000	114
		_Default_ISR   		CODE           	1FB20	0000	2

../src/boards/mez88_common.c estimated size: 1238

C:\Program Files\Microchip\xc8\v2.46\pic\sources\c99\common\flneg.c
		___flneg       		CODE           	1F5D6	0000	56

C:\Program Files\Microchip\xc8\v2.46\pic\sources\c99\common\flneg.c estimated size: 56

C:\Program Files\Microchip\xc8\v2.46\pic\sources\c99\common\strcmp.c
		_strcmp        		CODE           	1E7BA	0000	120

C:\Program Files\Microchip\xc8\v2.46\pic\sources\c99\common\strcmp.c estimated size: 120

C:\Program Files\Microchip\xc8\v2.46\pic\sources\c99\common\__fpclassifyf.c
		___fpclassifyf 		CODE           	1C980	0000	254

C:\Program Files\Microchip\xc8\v2.46\pic\sources\c99\common\__fpclassifyf.c estimated size: 254

C:\Program Files\Microchip\xc8\v2.46\pic\sources\c99\common\strchr.c
		_strchr        		CODE           	1EE62	0000	90

C:\Program Files\Microchip\xc8\v2.46\pic\sources\c99\common\strchr.c estimated size: 90

C:\Program Files\Microchip\xc8\v2.46\pic\sources\c99\common\sprcmul.c
		___flmul       		CODE           	158AE	0000	1066

C:\Program Files\Microchip\xc8\v2.46\pic\sources\c99\common\sprcmul.c estimated size: 1066

C:\Program Files\Microchip\xc8\v2.46\pic\sources\c99\common\strcpy.c
		_strcpy        		CODE           	1F480	0000	60

C:\Program Files\Microchip\xc8\v2.46\pic\sources\c99\common\strcpy.c estimated size: 60

C:\Program Files\Microchip\xc8\v2.46\pic\sources\c99\common\memset.c
		_memset        		CODE           	1F566	0000	56

C:\Program Files\Microchip\xc8\v2.46\pic\sources\c99\common\memset.c estimated size: 56

../src/I2C_IO.c
		_read_I2C      		CODE           	1D1DC	0000	214
		_I2C1_Init     		CODE           	1F7E4	0000	38
		_chk_i2cdev    		CODE           	1D100	0000	220
		_write_I2C     		CODE           	1E25A	0000	152
		_rst_I2C       		CODE           	1FAE0	0000	14
		_I2C_ByteRead  		CODE           	1EBBE	0000	104
		_I2C_ByteWrite 		CODE           	1F112	0000	80
		_I2C_Check_BusFree		CODE           	1ECEE	0000	94
		_chk_ACK       		CODE           	1F52E	0000	56

../src/I2C_IO.c estimated size: 972

C:\Program Files\Microchip\xc8\v2.46\pic\sources\c99\common\sprcdiv.c
		___fldiv       		CODE           	16460	0000	924

C:\Program Files\Microchip\xc8\v2.46\pic\sources\c99\common\sprcdiv.c estimated size: 924

../fatfs/ff.c
		_clst2sect     		CODE           	1D51A	0000	204
		_find_volume   		CODE           	18FB4	0000	500
		_dir_clear     		CODE           	1B994	0000	336
		_ld_dword      		CODE           	1DB2A	0000	184
		_remove_chain  		CODE           	18130	0000	562
		_f_mount       		CODE           	1CB7A	0000	250
		_get_fat       		CODE           	15CD8	0000	1004
		_st_word       		CODE           	1F794	0000	40
		_get_ldnumber  		CODE           	1A32C	0000	414
		_st_clust      		CODE           	1F250	0000	76
		_create_name   		CODE           	167FC	0000	918
		_create_chain  		CODE           	13C12	0000	1456
		_dbc_1st       		CODE           	1E086	0000	156
		_f_lseek       		CODE           	11DA4	0000	2050
		_validate      		CODE           	1C77E	0000	258
		_check_fs      		CODE           	17244	0000	748
		_f_sync        		CODE           	1857E	0000	534
		_get_fileinfo  		CODE           	18DBC	0000	504
		_dir_read      		CODE           	19E46	0000	420
		_st_dword      		CODE           	1EA7E	0000	108
		_f_write       		CODE           	11528	0000	2172
		_dir_alloc     		CODE           	1BC34	0000	334
		_f_opendir     		CODE           	1AF98	0000	382
		_put_fat       		CODE           	141C2	0000	1260
		_f_readdir     		CODE           	1CE58	0000	230
		_sync_fs       		CODE           	189AA	0000	530
		_dir_next      		CODE           	15484	0000	1066
		_sync_window   		CODE           	19FEA	0000	420
		_dir_register  		CODE           	1CF3E	0000	226
		_ld_word       		CODE           	1F60E	0000	56
		_dir_find      		CODE           	1AC92	0000	388
		_f_open        		CODE           	125A6	0000	2024
		_f_read        		CODE           	134FE	0000	1812
		_f_close       		CODE           	1EF16	0000	88
		_dir_sdi       		CODE           	16B92	0000	906
		_follow_path   		CODE           	18362	0000	540
		_f_closedir    		CODE           	1F4F6	0000	56
		_dbc_2nd       		CODE           	1D020	0000	224
		_ld_clust      		CODE           	1E6BE	0000	128
		_move_window   		CODE           	1D44E	0000	204
		_mount_volume  		CODE           	10000	0000	2756

../fatfs/ff.c estimated size: 26524

../drivers/utils.c
		_cnv_byte      		CODE           	1F91E	0000	28
		_chk_leap      		CODE           	1E4A6	0000	140
		_util_addrdump 		CODE           	1B290	0000	372
		_util_hexdump  		CODE           	1B6D4	0000	356
		_days_from_1980		CODE           	1E1BE	0000	156
		_util_hexdump_sum		CODE           	1E532	0000	132
		_cnv_bcd       		CODE           	1E418	0000	142
		_jan_to_days   		CODE           	1E832	0000	120
		_cnv_ymd       		CODE           	1C000	0000	302
		_leaps         		CODE           	1EEBC	0000	90

../drivers/utils.c estimated size: 1838

C:\Program Files\Microchip\xc8\v2.46\pic\sources\c99\common\fleq.c
		___fleq        		CODE           	1DDF4	0000	170

C:\Program Files\Microchip\xc8\v2.46\pic\sources\c99\common\fleq.c estimated size: 170

../src/memtst.c
		_mem_init      		CODE           	177F0	0000	642

../src/memtst.c estimated size: 642

C:\Program Files\Microchip\xc8\v2.46\pic\sources\c99\common\doprnt.c
		_read_prec_or_width		CODE           	1D380	0000	206
		_vfpfcnvrt     		CODE           	12D8E	0000	1904
		_efgtoa        		CODE           	10AC4	0000	2660
		_pad           		CODE           	1DFE8	0000	158
		_ctoa          		CODE           	1D6B0	0000	200
		_dtoa          		CODE           	1957C	0000	480
		_vfprintf      		CODE           	1EF6E	0000	86
		_stoa          		CODE           	1A4CA	0000	414
		_xtoa          		CODE           	1AB0A	0000	392

C:\Program Files\Microchip\xc8\v2.46\pic\sources\c99\common\doprnt.c estimated size: 6500

C:\Program Files\Microchip\xc8\v2.46\pic\sources\c99\common\nf_sprintf.c
		_sprintf       		CODE           	1F162	0000	80

C:\Program Files\Microchip\xc8\v2.46\pic\sources\c99\common\nf_sprintf.c estimated size: 80

shared
		_mtod          		MEDIUMCONST    	F619	0000	24
		_DbcTbl        		MEDIUMCONST    	F631	0000	10
		__initialization		CODE           	1CC74	0000	242

shared estimated size: 276

C:\Program Files\Microchip\xc8\v2.46\pic\sources\c99\common\__lldiv.c
		___lldiv       		CODE           	1DF44	0000	164

C:\Program Files\Microchip\xc8\v2.46\pic\sources\c99\common\__lldiv.c estimated size: 164

C:\Program Files\Microchip\xc8\v2.46\pic\sources\c99\common\Umul16.c
		___wmul        		CODE           	1F80A	0000	38

C:\Program Files\Microchip\xc8\v2.46\pic\sources\c99\common\Umul16.c estimated size: 38

C:\Program Files\Microchip\xc8\v2.46\pic\sources\c99\common\nf_fputs.c
		_fputs         		CODE           	1F3BA	0000	68

C:\Program Files\Microchip\xc8\v2.46\pic\sources\c99\common\nf_fputs.c estimated size: 68

C:\Program Files\Microchip\xc8\v2.46\pic\sources\c99\common\sprcadd.c
		___flsub       		CODE           	1F2E6	0000	70
		___fladd       		CODE           	146AE	0000	1216

C:\Program Files\Microchip\xc8\v2.46\pic\sources\c99\common\sprcadd.c estimated size: 1286

C:\Program Files\Microchip\xc8\v2.46\pic\sources\c99\common\memcmp.c
		_memcmp        		CODE           	1D2B2	0000	206

C:\Program Files\Microchip\xc8\v2.46\pic\sources\c99\common\memcmp.c estimated size: 206

C:\Program Files\Microchip\xc8\v2.46\pic\sources\c99\common\memcpy.c
		_memcpy        		CODE           	1F1B2	0000	80

C:\Program Files\Microchip\xc8\v2.46\pic\sources\c99\common\memcpy.c estimated size: 80

../src/io_dos.c
		_dsk_drv_err   		CODE           	1F988	0000	22
		_dev_aux       		CODE           	1A982	0000	392
		_command_error 		CODE           	1FA22	0000	22
		_dos_bus_master_operation		CODE           	1975C	0000	466
		_write_disk    		CODE           	1E122	0000	156
		_read_disk     		CODE           	1DD48	0000	172
		_seek_disk@io_dos$F1904		CODE           	1D8FC	0000	190
		_dsk_bpb_err   		CODE           	1F9E0	0000	22
		_dsk_media_check		CODE           	1FAAE	0000	18
		_write_sector@io_dos$F2014		CODE           	19C98	0000	430
		_set_drive     		CODE           	1F67C	0000	54
		_unimon_console@io_dos$F1638		CODE           	1BAE4	0000	336
		_dos_sec_size  		CODE           	1FAFA	0000	10
		_read_sector@io_dos$F1950		CODE           	1A668	0000	398
		_set_bpb       		CODE           	1CA7E	0000	252
		_dsk_wr_err    		CODE           	1F99E	0000	22
		_dev_con       		CODE           	1A7F6	0000	396
		_dev_exit      		CODE           	1FA0C	0000	22
		_setup_drive@io_dos$F1890		CODE           	1EC26	0000	100
		_dev_DS1307    		CODE           	17CC2	0000	568
		_dosio_init    		CODE           	1F956	0000	26
		_set_dskinit_bpb		CODE           	1C248	0000	274
		_write_verify  		CODE           	1BD82	0000	326
		_dev_tim       		CODE           	1C35A	0000	270
		_busy_exit     		CODE           	1FA38	0000	22
		_dev_prn       		CODE           	1FAD2	0000	14
		_setup_clk_aux 		CODE           	1D83C	0000	192
		_dsk_rd_err    		CODE           	1F9B4	0000	22
		_dsk_crc_err   		CODE           	1F9CA	0000	22
		_dev_dsk       		CODE           	19396	0000	486

../src/io_dos.c estimated size: 5702

C:\Program Files\Microchip\xc8\v2.46\pic\sources\c99\common\lwmod.c
		___lwmod       		CODE           	1EC8A	0000	100

C:\Program Files\Microchip\xc8\v2.46\pic\sources\c99\common\lwmod.c estimated size: 100

C:\Program Files\Microchip\xc8\v2.46\pic\sources\c99\common\labs.c
		_labs          		CODE           	1EFC4	0000	86

C:\Program Files\Microchip\xc8\v2.46\pic\sources\c99\common\labs.c estimated size: 86

C:\Program Files\Microchip\xc8\v2.46\pic\sources\c99\common\abs.c
		_abs           		CODE           	1F6B2	0000	52

C:\Program Files\Microchip\xc8\v2.46\pic\sources\c99\common\abs.c estimated size: 52

C:\Program Files\Microchip\xc8\v2.46\pic\sources\c99\common\almod.c
		___almod       		CODE           	1CD6C	0000	236

C:\Program Files\Microchip\xc8\v2.46\pic\sources\c99\common\almod.c estimated size: 236

C:\Program Files\Microchip\xc8\v2.46\pic\sources\c99\common\Umul32.c
		___lmul        		CODE           	1EAEA	0000	106

C:\Program Files\Microchip\xc8\v2.46\pic\sources\c99\common\Umul32.c estimated size: 106

../src/boards/MEZ8847Q_RAM.c
		_board_event_loop		CODE           	1ED4C	0000	94
		_nmi_sig_on    		CODE           	1FB18	0000	4
		_nmi_sig_off   		CODE           	1FB1C	0000	4
		_set_hold_pin  		CODE           	1FA8A	0000	18
		_sys_init      		CODE           	1DC98	0000	176
		_bus_hold_req  		CODE           	1F93A	0000	28
		_setup_tomer0  		CODE           	1F878	0000	34
		_reset_hold_pin		CODE           	1FA9C	0000	18
		_setup_sd      		CODE           	1E386	0000	146
		_start_i88     		CODE           	1F646	0000	54
		_setup_I2C     		CODE           	1F4BC	0000	58
		_bus_release_req		CODE           	1FA64	0000	20
		_setup_uart5   		CODE           	1F830	0000	36
		_reset_ioreq   		CODE           	1FB04	0000	8

../src/boards/MEZ8847Q_RAM.c estimated size: 698

C:\Program Files\Microchip\xc8\v2.46\pic\sources\c99\common\flge.c
		___flge        		CODE           	1C67A	0000	260

C:\Program Files\Microchip\xc8\v2.46\pic\sources\c99\common\flge.c estimated size: 260

