Microchip MPLAB XC8 Compiler V3.00

Linker command line:

--edf=C:\Program Files\Microchip\xc8\v3.00\pic\dat\20241204225717_en.msgs \
  -pivt0x8=08h -cn -h+dist/default/production\MEZ88Q8X.X.production.sym \
  --cmf=dist/default/production\MEZ88Q8X.X.production.cmf -z -Q18F47Q84 \
  -oC:\Users\akihi\AppData\Local\Temp\xcAsh8s.\driver_tmp_3.o \
  --defsym=__MPLAB_BUILD=1 --fixupoverflow=error \
  -Mdist/default/production/MEZ88Q8X.X.production.map \
  --md=C:\Users\akihi\AppData\Local\Temp\xcAsh8s.\driver_tmp_0.dat -E1 \
  -ver=XC8 Compiler -ACODE=00h-01FFFFh -ACONST=00h-01FFFFh \
  -ASMALLCONST=04000h-040FFhx192,014000h-0140FFhx192 \
  -AMEDIUMCONST=04000h-0FFFFh,014000h-01FFFFh -ACOMRAM=0501h-055Fh \
  -AABS1=0500h-036FFh -ABIGRAM=0501h-036FFh \
  -ARAM=0560h-05FFh,0600h-06FFhx49 -ABANK5=0560h-05FFh -ABANK6=0600h-06FFh \
  -ABANK7=0700h-07FFh -ABANK8=0800h-08FFh -ABANK9=0900h-09FFh \
  -ABANK10=0A00h-0AFFh -ABANK11=0B00h-0BFFh -ABANK12=0C00h-0CFFh \
  -ABANK13=0D00h-0DFFh -ABANK14=0E00h-0EFFh -ABANK15=0F00h-0FFFh \
  -ABANK16=01000h-010FFh -ABANK17=01100h-011FFh -ABANK18=01200h-012FFh \
  -ABANK19=01300h-013FFh -ABANK20=01400h-014FFh -ABANK21=01500h-015FFh \
  -ABANK22=01600h-016FFh -ABANK23=01700h-017FFh -ABANK24=01800h-018FFh \
  -ABANK25=01900h-019FFh -ABANK26=01A00h-01AFFh -ABANK27=01B00h-01BFFh \
  -ABANK28=01C00h-01CFFh -ABANK29=01D00h-01DFFh -ABANK30=01E00h-01EFFh \
  -ABANK31=01F00h-01FFFh -ABANK32=02000h-020FFh -ABANK33=02100h-021FFh \
  -ABANK34=02200h-022FFh -ABANK35=02300h-023FFh -ABANK36=02400h-024FFh \
  -ABANK37=02500h-025FFh -ABANK38=02600h-026FFh -ABANK39=02700h-027FFh \
  -ABANK40=02800h-028FFh -ABANK41=02900h-029FFh -ABANK42=02A00h-02AFFh \
  -ABANK43=02B00h-02BFFh -ABANK44=02C00h-02CFFh -ABANK45=02D00h-02DFFh \
  -ABANK46=02E00h-02EFFh -ABANK47=02F00h-02FFFh -ABANK48=03000h-030FFh \
  -ABANK49=03100h-031FFh -ABANK50=03200h-032FFh -ABANK51=03300h-033FFh \
  -ABANK52=03400h-034FFh -ABANK53=03500h-035FFh -ABANK54=03600h-036FFh \
  -ASFR=00h-0FFhx4,0400h-045Fh,0460h-04FFh,03700h-037FFhx9 \
  -ABIGSFR=00h-04FFh,03700h-03FFFh -ACONFIG=0300000h-0300023h \
  -AIDLOC=0200000h-020003Fh -AEEDATA=0380000h-03803FFh -peeprom_data=EEDATA \
  -preset_vec=00h -ppowerup=CODE,init -pramtop=04000h \
  -psmallconst=SMALLCONST -pmediumconst=MEDIUMCONST -pconst=CONST \
  -AFARRAM=00h-00h \
  -prdata=COMRAM,nvrram=COMRAM,nvbit=COMRAM,rbss=COMRAM,rbit=COMRAM \
  -pfarbss=FARRAM,fardata=FARRAM,nvFARRAM=FARRAM \
  -pintsave_regs=BIGRAM,bigbss=BIGRAM,bigdata=BIGRAM -pbss=RAM \
  -pidata=CODE,irdata=CODE,ibigdata=CODE,ifardata=CODE -prparam=COMRAM \
  C:\Users\akihi\AppData\Local\Temp\xcAsh8s.\driver_tmp_14.o \
  dist/default/production\MEZ88Q8X.X.production.o 

Object code version is 3.11

Machine type is 18F47Q84



                Name                               Link     Load   Length Selector   Space Scale
C:\Users\akihi\AppData\Local\Temp\xcAsh8s.\driver_tmp_14.o
                config                           300000   300000       23        0       4
                init                                10A      10A        4        4       0
                reset_vec                             0        0        4        0       0
dist/default/production\MEZ88Q8X.X.production.o
                config                           300000   300000       23        0       4
                mediumconst                        F618     F618      9E8     7B0C       0
                ivt0x8                                8        8      102        4       0
                text200                           1F39C    1F39C       46     7CE7       0
                text199                           1EC44    1EC44       66     7B11       0
                text198                           1EB0C    1EB0C       6A     8000       0
                text197                           1FAEC    1FAEC        2     7CE7       0
                text196                           19C6C    19C6C      1B4     8000       0
                text195                           1F936    1F936       18     7CE7       0
                text194                           1FA2A    1FA2A       14     7CE7       0
                text193                           1FAD8    1FAD8        8     7CE7       0
                text192                           1EAA2    1EAA2       6A     8000       0
                text191                           1D536    1D536       CC     8000       0
                text190                           1DAA0    1DAA0       B8     8000       0
                text189                           1F632    1F632       38     7CE7       0
                text188                           1E32A    1E32A       94     8000       0
                text187                           1F044    1F044       54     7B11       0
                text186                           1F466    1F466       3E     7CE7       0
                text185                           1EE2E    1EE2E       5E     7B11       0
                text184                           1F91E    1F91E       18     7CE7       0
                text183                           1F8AC    1F8AC       22     7CE7       0
                text182                           1F762    1F762       2A     7CE7       0
                text181                           1E5EA    1E5EA       82     8000       0
                text180                           1F88A    1F88A       22     7CE7       0
                text179                           16F12    16F12      328     8000       0
                text178                           1F868    1F868       22     7CE7       0
                text177                           1F354    1F354       46     7B11       0
                text176                           1DCC4    1DCC4       B6     8000       0
                text175                           1D85E    1D85E       C4     8000       0
                text174                           1FA14    1FA14       16     7CE7       0
                text173                           1D6CC    1D6CC       CA     8000       0
                text172                           1D796    1D796       C8     8000       0
                text171                           1C582    1C582      10A     8000       0
                text170                           1CD82    1CD82       EA     8000       0
                text169                           1F6D6    1F6D6       34     7CE7       0
                text168                           1F3E2    1F3E2       44     7CE7       0
                text167                           1E0BE    1E0BE       9E     8000       0
                text166                           19552    19552      1DE     8000       0
                text165                           167F8    167F8      390     8000       0
                text164                           1DE26    1DE26       AA     8000       0
                text163                           1C792    1C792      104     8000       0
                text162                           158BC    158BC      426     8000       0
                text161                           1F5FA    1F5FA       38     7CE7       0
                text160                           14B8E    14B8E      4B6     8000       0
                text159                           1F30E    1F30E       46     7B11       0
                text158                           1C68C    1C68C      106     8000       0
                text157                           1C996    1C996       FE     8000       0
                text156                           18748    18748      216     8000       0
                text155                           1EFEE    1EFEE       56     7B11       0
                text154                           1F18C    1F18C       50     7B11       0
                text153                           1F4A4    1F4A4       3C     7CE7       0
                text152                           10AC4    10AC4      A60     8000       0
                text151                           1D46A    1D46A       CC     8000       0
                text150                           1A310    1A310      19E     8000       0
                text149                           1AAF0    1AAF0      186     8000       0
                text148                           12D8A    12D8A      768     8000       0
                text147                           1EF98    1EF98       56     7B11       0
                text146                           1F7B4    1F7B4       28     7CE7       0
                text145                           1B570    1B570      172     8000       0
                text144                           16464    16464      394     8000       0
                text143                           1B278    1B278      17E     8000       0
                text142                           15044    15044      44E     8000       0
                text141                           1B0FA    1B0FA      17E     8000       0
                text140                           1A4AE    1A4AE      19C     8000       0
                text139                           1D602    1D602       CA     8000       0
                text138                           15CE2    15CE2      3EC     8000       0
                text137                           1E6EC    1E6EC       80     8000       0
                text136                           1C896    1C896      100     8000       0
                text135                           134F2    134F2      714     8000       0
                text134                           1F5C2    1F5C2       38     7CE7       0
                text133                           1E01A    1E01A       A4     8000       0
                text132                           1EA36    1EA36       6C     8000       0
                text131                           1F78C    1F78C       28     7CE7       0
                text130                           146A2    146A2      4EC     8000       0
                text129                           13C06    13C06      5B0     8000       0
                text128                           11DA0    11DA0      802     8000       0
                text127                           1C132    1C132      11C     8000       0
                text126                           1B6E2    1B6E2      162     8000       0
                text125                           1E568    1E568       82     8000       0
                text124                           1DC0E    1DC0E       B6     8000       0
                text123                           1ADFA    1ADFA      182     8000       0
                text122                           1E8D8    1E8D8       76     8000       0
                text121                           1F2C4    1F2C4       4A     7B11       0
                text120                           1FAE8    1FAE8        4     7CE7       0
                text119                           1DB58    1DB58       B6     8000       0
                text118                           1C24E    1C24E      114     8000       0
                text117                           1FA86    1FA86       12     7CE7       0
                text116                           1F278    1F278       4C     7B11       0
                text115                           1DF76    1DF76       A4     8000       0
                text114                           1F58A    1F58A       38     7CE7       0
                text113                           1895E    1895E      212     8000       0
                text112                           18532    18532      216     8000       0
                text111                           11524    11524      87C     8000       0
                text110                           19902    19902      1B6     8000       0
                text109                           1F9FE    1F9FE       16     7CE7       0
                text108                           1E4DC    1E4DC       8C     8000       0
                text107                           1F8EA    1F8EA       1C     7CE7       0
                text106                           1ED0E    1ED0E       64     7B11       0
                text105                           1E450    1E450       8C     8000       0
                text104                           1C004    1C004      12E     8000       0
                text103                           1F9E8    1F9E8       16     7CE7       0
                text102                           1E860    1E860       78     8000       0
                text101                           1EEE6    1EEE6       5A     7B11       0
                text100                           1D1F0    1D1F0       D8     8000       0
                text99                            1F9D2    1F9D2       16     7CE7       0
                text98                            1F552    1F552       38     7CE7       0
                text97                            1FABE    1FABE        A     7CE7       0
                text96                            1D2C8    1D2C8       D4     8000       0
                text95                            1E294    1E294       96     8000       0
                text94                            1F22A    1F22A       4E     7B11       0
                text93                            1F9BC    1F9BC       16     7CE7       0
                text92                            1A7D8    1A7D8      18E     8000       0
                text91                            1A966    1A966      18A     8000       0
                text90                            1F9A6    1F9A6       16     7CE7       0
                text89                            1F990    1F990       16     7CE7       0
                text88                            1FA74    1FA74       12     7CE7       0
                text87                            1F97A    1F97A       16     7CE7       0
                text86                            1F964    1F964       16     7CE7       0
                text85                            1D9E2    1D9E2       BE     8000       0
                text84                            1A64A    1A64A      18E     8000       0
                text83                            1DD7A    1DD7A       AC     8000       0
                text82                            1CA94    1CA94       FC     8000       0
                text81                            1C362    1C362      112     8000       0
                text80                            1F94E    1F94E       16     7CE7       0
                text79                            1F6A0    1F6A0       36     7CE7       0
                text78                            1ECAA    1ECAA       64     7B11       0
                text77                            19E20    19E20      1AE     8000       0
                text76                            1E1F8    1E1F8       9C     8000       0
                text75                            1BD8C    1BD8C      146     8000       0
                text74                            1936C    1936C      1E6     8000       0
                text73                            1FAA6    1FAA6        E     7CE7       0
                text72                            1C474    1C474      10E     8000       0
                text71                            17C86    17C86      238     8000       0
                text70                            1BC3E    1BC3E      14E     8000       0
                text69                            19730    19730      1D2     8000       0
                text68                            18D80    18D80      200     8000       0
                text67                            1FAE4    1FAE4        4     7CE7       0
                text66                            1FA62    1FA62       12     7CE7       0
                text65                            1FAD0    1FAD0        8     7CE7       0
                text64                            1FA50    1FA50       12     7CE7       0
                text63                            1EDD0    1EDD0       5E     7B11       0
                text62                            1F51A    1F51A       38     7CE7       0
                text61                            1E15C    1E15C       9C     8000       0
                text60                            1D034    1D034       E0     8000       0
                text59                            1EE8C    1EE8C       5A     7B11       0
                text58                            160CE    160CE      396     8000       0
                text57                            1B9A0    1B9A0      150     8000       0
                text56                            15492    15492      42A     8000       0
                text55                            16B88    16B88      38A     8000       0
                text54                            1D39C    1D39C       CE     8000       0
                text53                            1AC76    1AC76      184     8000       0
                text52                            1E66C    1E66C       80     8000       0
                text51                            18316    18316      21C     8000       0
                text50                            17526    17526      294     8000       0
                text49                            1723A    1723A      2EC     8000       0
                text48                            19178    19178      1F4     8000       0
                text47                            1A172    1A172      19E     8000       0
                text46                            10000    10000      AC4     8000       0
                text45                            1AF7C    1AF7C      17E     8000       0
                text44                            19FCE    19FCE      1A4     8000       0
                text43                            18F80    18F80      1F8     8000       0
                text42                            1CE6C    1CE6C       E6     8000       0
                text41                            1E7E8    1E7E8       78     8000       0
                text40                            17A3A    17A3A      24C     8000       0
                text39                            1F738    1F738       2A     7CE7       0
                text38                            1CB90    1CB90       FA     8000       0
                text37                            1F0EA    1F0EA       52     7B11       0
                text36                            177BA    177BA      280     8000       0
                text35                            1BAF0    1BAF0      14E     8000       0
                text34                            1CF52    1CF52       E2     8000       0
                text33                            17EBE    17EBE      232     8000       0
                text32                            125A2    125A2      7E8     8000       0
                text31                            1F13C    1F13C       50     7B11       0
                text30                            18B70    18B70      210     8000       0
                text29                            1EBDC    1EBDC       66     8000       0
                text28                            1F1DC    1F1DC       4E     7B11       0
                text27                            1ED72    1ED72       5E     7B11       0
                text26                            1D114    1D114       DC     8000       0
                text25                            1FAC8    1FAC8        8     7CE7       0
                text24                            1EF40    1EF40       58     7B11       0
                text23                            1B3F6    1B3F6      17A     8000       0
                text22                            1F800    1F800       24     7CE7       0
                text21                            1F4E0    1F4E0       3A     7CE7       0
                text20                            1B844    1B844      15C     8000       0
                text19                            1E9C2    1E9C2       74     8000       0
                text18                            1FAB4    1FAB4        A     7CE7       0
                text17                            1F906    1F906       18     7CE7       0
                text16                            1F8CE    1F8CE       1C     7CE7       0
                text15                            1F846    1F846       22     7CE7       0
                text14                            1D922    1D922       C0     8000       0
                text13                            19AB8    19AB8      1B4     8000       0
                text12                            1E76C    1E76C       7C     8000       0
                text11                            1F70A    1F70A       2E     7CE7       0
                text10                            1BED2    1BED2      132     8000       0
                text9                             141B6    141B6      4EC     8000       0
                text8                             1E3BE    1E3BE       92     8000       0
                text7                             1F824    1F824       22     7CE7       0
                text6                             1F7DC    1F7DC       24     7CE7       0
                text5                             1FA3E    1FA3E       12     7CE7       0
                text4                             1F66A    1F66A       36     7CE7       0
                text3                             1F098    1F098       52     7B11       0
                text2                             1EB76    1EB76       66     8000       0
                text1                             1DED0    1DED0       A6     8000       0
                text0                             180F0    180F0      226     8000       0
                cstackCOMRAM                        501      501       50      501       1
                cstackBANK5                         560      560       A0      560       1
                cstackBANK6                         600      600       E8      600       1
                cstackBANK7                         789      789       69      700       1
                cstackBANK8                         8C4      8C4        8      800       1
                bssBIGRAM                           B00      B00     171E      B00       1
                bssBANK10                           A00      A00      100      A00       1
                dataBANK9                           980      980       40      900       1
                bssBANK9                            900      900       80      900       1
                dataBANK8                           800      800       74      800       1
                bssBANK8                            874      874       50      800       1
                dataBANK7                           7F2      7F2        E      700       1
                bssBANK7                            700      700       89      700       1
                dataBANK6                           6F8      6F8        4      600       1
                bssBANK6                            6E8      6E8       10      600       1
                bssCOMRAM                           551      551        7      501       1
                cinit                             1CC8A    1CC8A       F8     8000       0
                idataBANK9                        1F426    1F426       40     7CE7       0
                idataBANK8                        1E94E    1E94E       74     8000       0
                idataBANK7                        1FA98    1FA98        E     7CE7       0
                idataBANK6                        1FAE0    1FAE0        4     7CE7       0

TOTAL           Name                               Link     Load   Length     Space
        CLASS   CODE           
                init                                10A      10A        4         0
                reset_vec                             0        0        4         0
                ivt0x8                                8        8      102         0
                text200                           1F39C    1F39C       46         0
                text199                           1EC44    1EC44       66         0
                text198                           1EB0C    1EB0C       6A         0
                text197                           1FAEC    1FAEC        2         0
                text196                           19C6C    19C6C      1B4         0
                text195                           1F936    1F936       18         0
                text194                           1FA2A    1FA2A       14         0
                text193                           1FAD8    1FAD8        8         0
                text192                           1EAA2    1EAA2       6A         0
                text191                           1D536    1D536       CC         0
                text190                           1DAA0    1DAA0       B8         0
                text189                           1F632    1F632       38         0
                text188                           1E32A    1E32A       94         0
                text187                           1F044    1F044       54         0
                text186                           1F466    1F466       3E         0
                text185                           1EE2E    1EE2E       5E         0
                text184                           1F91E    1F91E       18         0
                text183                           1F8AC    1F8AC       22         0
                text182                           1F762    1F762       2A         0
                text181                           1E5EA    1E5EA       82         0
                text180                           1F88A    1F88A       22         0
                text179                           16F12    16F12      328         0
                text178                           1F868    1F868       22         0
                text177                           1F354    1F354       46         0
                text176                           1DCC4    1DCC4       B6         0
                text175                           1D85E    1D85E       C4         0
                text174                           1FA14    1FA14       16         0
                text173                           1D6CC    1D6CC       CA         0
                text172                           1D796    1D796       C8         0
                text171                           1C582    1C582      10A         0
                text170                           1CD82    1CD82       EA         0
                text169                           1F6D6    1F6D6       34         0
                text168                           1F3E2    1F3E2       44         0
                text167                           1E0BE    1E0BE       9E         0
                text166                           19552    19552      1DE         0
                text165                           167F8    167F8      390         0
                text164                           1DE26    1DE26       AA         0
                text163                           1C792    1C792      104         0
                text162                           158BC    158BC      426         0
                text161                           1F5FA    1F5FA       38         0
                text160                           14B8E    14B8E      4B6         0
                text159                           1F30E    1F30E       46         0
                text158                           1C68C    1C68C      106         0
                text157                           1C996    1C996       FE         0
                text156                           18748    18748      216         0
                text155                           1EFEE    1EFEE       56         0
                text154                           1F18C    1F18C       50         0
                text153                           1F4A4    1F4A4       3C         0
                text152                           10AC4    10AC4      A60         0
                text151                           1D46A    1D46A       CC         0
                text150                           1A310    1A310      19E         0
                text149                           1AAF0    1AAF0      186         0
                text148                           12D8A    12D8A      768         0
                text147                           1EF98    1EF98       56         0
                text146                           1F7B4    1F7B4       28         0
                text145                           1B570    1B570      172         0
                text144                           16464    16464      394         0
                text143                           1B278    1B278      17E         0
                text142                           15044    15044      44E         0
                text141                           1B0FA    1B0FA      17E         0
                text140                           1A4AE    1A4AE      19C         0
                text139                           1D602    1D602       CA         0
                text138                           15CE2    15CE2      3EC         0
                text137                           1E6EC    1E6EC       80         0
                text136                           1C896    1C896      100         0
                text135                           134F2    134F2      714         0
                text134                           1F5C2    1F5C2       38         0
                text133                           1E01A    1E01A       A4         0
                text132                           1EA36    1EA36       6C         0
                text131                           1F78C    1F78C       28         0
                text130                           146A2    146A2      4EC         0
                text129                           13C06    13C06      5B0         0
                text128                           11DA0    11DA0      802         0
                text127                           1C132    1C132      11C         0
                text126                           1B6E2    1B6E2      162         0
                text125                           1E568    1E568       82         0
                text124                           1DC0E    1DC0E       B6         0
                text123                           1ADFA    1ADFA      182         0
                text122                           1E8D8    1E8D8       76         0
                text121                           1F2C4    1F2C4       4A         0
                text120                           1FAE8    1FAE8        4         0
                text119                           1DB58    1DB58       B6         0
                text118                           1C24E    1C24E      114         0
                text117                           1FA86    1FA86       12         0
                text116                           1F278    1F278       4C         0
                text115                           1DF76    1DF76       A4         0
                text114                           1F58A    1F58A       38         0
                text113                           1895E    1895E      212         0
                text112                           18532    18532      216         0
                text111                           11524    11524      87C         0
                text110                           19902    19902      1B6         0
                text109                           1F9FE    1F9FE       16         0
                text108                           1E4DC    1E4DC       8C         0
                text107                           1F8EA    1F8EA       1C         0
                text106                           1ED0E    1ED0E       64         0
                text105                           1E450    1E450       8C         0
                text104                           1C004    1C004      12E         0
                text103                           1F9E8    1F9E8       16         0
                text102                           1E860    1E860       78         0
                text101                           1EEE6    1EEE6       5A         0
                text100                           1D1F0    1D1F0       D8         0
                text99                            1F9D2    1F9D2       16         0
                text98                            1F552    1F552       38         0
                text97                            1FABE    1FABE        A         0
                text96                            1D2C8    1D2C8       D4         0
                text95                            1E294    1E294       96         0
                text94                            1F22A    1F22A       4E         0
                text93                            1F9BC    1F9BC       16         0
                text92                            1A7D8    1A7D8      18E         0
                text91                            1A966    1A966      18A         0
                text90                            1F9A6    1F9A6       16         0
                text89                            1F990    1F990       16         0
                text88                            1FA74    1FA74       12         0
                text87                            1F97A    1F97A       16         0
                text86                            1F964    1F964       16         0
                text85                            1D9E2    1D9E2       BE         0
                text84                            1A64A    1A64A      18E         0
                text83                            1DD7A    1DD7A       AC         0
                text82                            1CA94    1CA94       FC         0
                text81                            1C362    1C362      112         0
                text80                            1F94E    1F94E       16         0
                text79                            1F6A0    1F6A0       36         0
                text78                            1ECAA    1ECAA       64         0
                text77                            19E20    19E20      1AE         0
                text76                            1E1F8    1E1F8       9C         0
                text75                            1BD8C    1BD8C      146         0
                text74                            1936C    1936C      1E6         0
                text73                            1FAA6    1FAA6        E         0
                text72                            1C474    1C474      10E         0
                text71                            17C86    17C86      238         0
                text70                            1BC3E    1BC3E      14E         0
                text69                            19730    19730      1D2         0
                text68                            18D80    18D80      200         0
                text67                            1FAE4    1FAE4        4         0
                text66                            1FA62    1FA62       12         0
                text65                            1FAD0    1FAD0        8         0
                text64                            1FA50    1FA50       12         0
                text63                            1EDD0    1EDD0       5E         0
                text62                            1F51A    1F51A       38         0
                text61                            1E15C    1E15C       9C         0
                text60                            1D034    1D034       E0         0
                text59                            1EE8C    1EE8C       5A         0
                text58                            160CE    160CE      396         0
                text57                            1B9A0    1B9A0      150         0
                text56                            15492    15492      42A         0
                text55                            16B88    16B88      38A         0
                text54                            1D39C    1D39C       CE         0
                text53                            1AC76    1AC76      184         0
                text52                            1E66C    1E66C       80         0
                text51                            18316    18316      21C         0
                text50                            17526    17526      294         0
                text49                            1723A    1723A      2EC         0
                text48                            19178    19178      1F4         0
                text47                            1A172    1A172      19E         0
                text46                            10000    10000      AC4         0
                text45                            1AF7C    1AF7C      17E         0
                text44                            19FCE    19FCE      1A4         0
                text43                            18F80    18F80      1F8         0
                text42                            1CE6C    1CE6C       E6         0
                text41                            1E7E8    1E7E8       78         0
                text40                            17A3A    17A3A      24C         0
                text39                            1F738    1F738       2A         0
                text38                            1CB90    1CB90       FA         0
                text37                            1F0EA    1F0EA       52         0
                text36                            177BA    177BA      280         0
                text35                            1BAF0    1BAF0      14E         0
                text34                            1CF52    1CF52       E2         0
                text33                            17EBE    17EBE      232         0
                text32                            125A2    125A2      7E8         0
                text31                            1F13C    1F13C       50         0
                text30                            18B70    18B70      210         0
                text29                            1EBDC    1EBDC       66         0
                text28                            1F1DC    1F1DC       4E         0
                text27                            1ED72    1ED72       5E         0
                text26                            1D114    1D114       DC         0
                text25                            1FAC8    1FAC8        8         0
                text24                            1EF40    1EF40       58         0
                text23                            1B3F6    1B3F6      17A         0
                text22                            1F800    1F800       24         0
                text21                            1F4E0    1F4E0       3A         0
                text20                            1B844    1B844      15C         0
                text19                            1E9C2    1E9C2       74         0
                text18                            1FAB4    1FAB4        A         0
                text17                            1F906    1F906       18         0
                text16                            1F8CE    1F8CE       1C         0
                text15                            1F846    1F846       22         0
                text14                            1D922    1D922       C0         0
                text13                            19AB8    19AB8      1B4         0
                text12                            1E76C    1E76C       7C         0
                text11                            1F70A    1F70A       2E         0
                text10                            1BED2    1BED2      132         0
                text9                             141B6    141B6      4EC         0
                text8                             1E3BE    1E3BE       92         0
                text7                             1F824    1F824       22         0
                text6                             1F7DC    1F7DC       24         0
                text5                             1FA3E    1FA3E       12         0
                text4                             1F66A    1F66A       36         0
                text3                             1F098    1F098       52         0
                text2                             1EB76    1EB76       66         0
                text1                             1DED0    1DED0       A6         0
                text0                             180F0    180F0      226         0
                cinit                             1CC8A    1CC8A       F8         0
                idataBANK9                        1F426    1F426       40         0
                idataBANK8                        1E94E    1E94E       74         0
                idataBANK7                        1FA98    1FA98        E         0
                idataBANK6                        1FAE0    1FAE0        4         0

        CLASS   CONST          

        CLASS   SMALLCONST     

        CLASS   MEDIUMCONST    
                mediumconst                        F618     F618      9E8         0

        CLASS   COMRAM         
                cstackCOMRAM                        501      501       50         1
                bssCOMRAM                           551      551        7         1

        CLASS   ABS1           

        CLASS   BIGRAM         
                bssBIGRAM                           B00      B00     171E         1

        CLASS   RAM            

        CLASS   BANK5          
                cstackBANK5                         560      560       A0         1

        CLASS   BANK6          
                cstackBANK6                         600      600       E8         1
                dataBANK6                           6F8      6F8        4         1
                bssBANK6                            6E8      6E8       10         1

        CLASS   BANK7          
                cstackBANK7                         789      789       69         1
                dataBANK7                           7F2      7F2        E         1
                bssBANK7                            700      700       89         1

        CLASS   BANK8          
                cstackBANK8                         8C4      8C4        8         1
                dataBANK8                           800      800       74         1
                bssBANK8                            874      874       50         1

        CLASS   BANK9          
                dataBANK9                           980      980       40         1
                bssBANK9                            900      900       80         1

        CLASS   BANK10         
                bssBANK10                           A00      A00      100         1

        CLASS   BANK11         

        CLASS   BANK12         

        CLASS   BANK13         

        CLASS   BANK14         

        CLASS   BANK15         

        CLASS   BANK16         

        CLASS   BANK17         

        CLASS   BANK18         

        CLASS   BANK19         

        CLASS   BANK20         

        CLASS   BANK21         

        CLASS   BANK22         

        CLASS   BANK23         

        CLASS   BANK24         

        CLASS   BANK25         

        CLASS   BANK26         

        CLASS   BANK27         

        CLASS   BANK28         

        CLASS   BANK29         

        CLASS   BANK30         

        CLASS   BANK31         

        CLASS   BANK32         

        CLASS   BANK33         

        CLASS   BANK34         

        CLASS   BANK35         

        CLASS   BANK36         

        CLASS   BANK37         

        CLASS   BANK38         

        CLASS   BANK39         

        CLASS   BANK40         

        CLASS   BANK41         

        CLASS   BANK42         

        CLASS   BANK43         

        CLASS   BANK44         

        CLASS   BANK45         

        CLASS   BANK46         

        CLASS   BANK47         

        CLASS   BANK48         

        CLASS   BANK49         

        CLASS   BANK50         

        CLASS   BANK51         

        CLASS   BANK52         

        CLASS   BANK53         

        CLASS   BANK54         

        CLASS   SFR            

        CLASS   BIGSFR         

        CLASS   CONFIG         
                config                           300000   300000       23         4

        CLASS   IDLOC          

        CLASS   EEDATA         

        CLASS   FARRAM         

        CLASS   HEAP           

        CLASS   STACK          



SEGMENTS        Name                           Load    Length   Top    Selector   Space  Class

                reset_vec                      000000  000004  000004         0       0  CODE    
                ivt0x8                         000008  000106  00010E         4       0  CODE    
                cstackCOMRAM                   000501  000057  000558       501       1  COMRAM  
                cstackBANK5                    000560  0000A0  000600       560       1  BANK5   
                cstackBANK6                    000600  0000FC  0006FC       600       1  BANK6   
                bssBANK7                       000700  000100  000800       700       1  BANK7   
                dataBANK8                      000800  0000CC  0008CC       800       1  BANK8   
                bssBANK9                       000900  0000C0  0009C0       900       1  BANK9   
                bssBANK10                      000A00  000100  000B00       A00       1  BANK10  
                bssBIGRAM                      000B00  00171E  00221E       B00       1  BIGRAM  
                mediumconst                    00F618  0009E8  010000      7B0C       0  MEDIUMCO
                text46                         010000  00EC42  01EC42      8000       0  CODE    
                text199                        01EC44  000756  01F39A      7B11       0  CODE    
                text200                        01F39C  000752  01FAEE      7CE7       0  CODE    


UNUSED ADDRESS RANGES

        Name                Unused          Largest block    Delta
        BANK34           00221E-0022FF               E2
        BANK35           002300-0023FF              100
        BANK36           002400-0024FF              100
        BANK37           002500-0025FF              100
        BANK38           002600-0026FF              100
        BANK39           002700-0027FF              100
        BANK40           002800-0028FF              100
        BANK41           002900-0029FF              100
        BANK42           002A00-002AFF              100
        BANK43           002B00-002BFF              100
        BANK44           002C00-002CFF              100
        BANK45           002D00-002DFF              100
        BANK46           002E00-002EFF              100
        BANK47           002F00-002FFF              100
        BANK48           003000-0030FF              100
        BANK49           003100-0031FF              100
        BANK50           003200-0032FF              100
        BANK51           003300-0033FF              100
        BANK52           003400-0034FF              100
        BANK53           003500-0035FF              100
        BANK54           003600-0036FF              100
        BANK6            0006FC-0006FF                4
        BANK8            0008CC-0008FF               34
        BANK9            0009C0-0009FF               40
        BIGRAM           000558-00055F                8
                         0006FC-0006FF                4
                         0008CC-0008FF               34
                         0009C0-0009FF               40
                         00221E-0036FF             14E2
        BIGSFR           000000-0004FF              500
                         003700-003FFF              900
        CODE             000004-000007                4
                         00010E-00F617             F50A
                         01EC42-01EC43                2
                         01F39A-01F39B                2
                         01FAEE-01FFFF              512
        COMRAM           000558-00055F                8
        CONFIG           300023-300023                1
        CONST            000004-000007                4
                         00010E-00F617             F50A
                         01EC42-01EC43                2
                         01F39A-01F39B                2
                         01FAEE-01FFFF              512
        EEDATA           380000-3803FF              400
        IDLOC            200000-20003F               40
        MEDIUMCONST      004000-00F617             B618
                         01EC42-01EC43                2
                         01F39A-01F39B                2
                         01FAEE-01FFFF              512
        RAM              0006FC-0006FF                4
                         0008CC-0008FF               34
                         0009C0-0009FF               40
                         00221E-0036FF              100
        SFR              000000-0004FF              100
                         003700-003FFF              100
        SMALLCONST       004000-00F617              100
                         01EC42-01EC43                2
                         01F39A-01F39B                2
                         01FAEE-01FFFF              100

                                  Symbol Table

?_SDCard_init                             cstackBANK5  0005D9
?_SDCard_read512                          cstackBANK5  0005F2
?_SDCard_write512                         cstackBANK5  0005F2
?___SDCard_command_r1                     cstackCOMRAM 000520
?___SDCard_crc16                          cstackCOMRAM 000509
?___aldiv                                 cstackCOMRAM 000509
?___almod                                 cstackCOMRAM 000509
?___fladd                                 cstackCOMRAM 000509
?___fldiv                                 cstackCOMRAM 000537
?___flmul                                 cstackCOMRAM 00051E
?___flneg                                 cstackCOMRAM 000509
?___flsub                                 cstackCOMRAM 000537
?___fltol                                 cstackCOMRAM 000509
?___fpclassifyf                           cstackCOMRAM 000509
?___lldiv                                 cstackCOMRAM 000509
?___lmul                                  cstackCOMRAM 000509
?___lwdiv                                 cstackCOMRAM 000509
?___lwmod                                 cstackCOMRAM 000509
?___xxtofl                                cstackCOMRAM 000510
?_abs                                     cstackCOMRAM 000513
?_check_fs                                cstackBANK6  000639
?_chk_i2cdev                              cstackBANK5  0005D1
?_chk_leap                                cstackCOMRAM 00050E
?_chk_os                                  cstackBANK6  0006C9
?_clst2sect                               cstackCOMRAM 000515
?_create_chain                            cstackBANK6  00065A
?_days_from_1980                          cstackCOMRAM 00051A
?_dbc_1st                                 cstackCOMRAM 000509
?_dbc_2nd                                 cstackCOMRAM 000509
?_disk_init                               cstackBANK6  0006CE
?_dos_sec_size                            cstackCOMRAM 000509
?_find_volume                             cstackBANK6  000647
?_floorf                                  cstackBANK5  000560
?_get_fat                                 cstackBANK6  000639
?_get_fattime                             cstackCOMRAM 000509
?_get_ldnumber                            cstackCOMRAM 000509
?_get_physical_addr                       cstackCOMRAM 000509
?_getax                                   cstackCOMRAM 000509
?_getch                                   cstackCOMRAM 000509
?_jan_to_days                             cstackCOMRAM 000509
?_labs                                    cstackCOMRAM 000509
?_ld_clust                                cstackCOMRAM 000510
?_ld_dword                                cstackCOMRAM 000509
?_ld_word                                 cstackCOMRAM 000509
?_leaps                                   cstackCOMRAM 000514
?_load_program                            cstackBANK6  0006CF
?_memcmp                                  cstackCOMRAM 000509
?_open_dskimg                             cstackBANK6  0006CF
?_printf                                  cstackBANK5  0005C3
?_read_disk                               cstackBANK6  0006B7
?_read_prec_or_width                      cstackCOMRAM 000509
?_read_sector                             cstackBANK6  0006B1
?_read_sector@io_dos$F1956                cstackBANK6  0006A9
?_seek_disk                               cstackBANK6  0006A0
?_seek_disk@io_dos$F1910                  cstackBANK6  0006A0
?_set_bpb                                 cstackCOMRAM 000509
?_set_drive                               cstackCOMRAM 000509
?_setup_drive                             cstackCOMRAM 000509
?_setup_drive@io_dos$F1896                cstackCOMRAM 00050C
?_sprintf                                 cstackBANK5  0005C3
?_strchr                                  cstackCOMRAM 000509
?_strcmp                                  cstackCOMRAM 000509
?_vfprintf                                cstackBANK5  0005BB
?_write_disk                              cstackBANK6  0006B3
?_write_sector                            cstackBANK6  0006B1
?_write_sector@io_dos$F2020               cstackBANK6  0006A9
?_write_verify                            cstackBANK6  0006B7
I2C_ByteRead@buf                          cstackCOMRAM 000509
I2C_ByteRead@client_addr                  cstackCOMRAM 00050B
I2C_ByteRead@res                          cstackCOMRAM 00050C
I2C_ByteWrite@client_addr                 cstackCOMRAM 00050A
I2C_ByteWrite@data                        cstackCOMRAM 000509
I2C_ByteWrite@res                         cstackCOMRAM 00050B
IVTBASEH                                  (abs)        00045E
IVTBASEL                                  (abs)        00045D
IVTBASEU                                  (abs)        00045F
SDCard_command@argument                   cstackCOMRAM 000530
SDCard_command@command                    cstackCOMRAM 000538
SDCard_command@length                     cstackCOMRAM 000536
SDCard_command@response_buffer            cstackCOMRAM 000534
SDCard_command@responsep                  cstackCOMRAM 00053D
SDCard_command@result                     cstackCOMRAM 00053B
SDCard_command@spi                        cstackCOMRAM 000539
SDCard_crc@buf                            cstackCOMRAM 000509
SDCard_crc@count                          cstackCOMRAM 00050B
SDCard_crc@crc                            cstackCOMRAM 000511
SDCard_crc@endp                           cstackCOMRAM 00050D
SDCard_crc@i                              cstackCOMRAM 00050F
SDCard_crc@p                              cstackCOMRAM 000512
SDCard_end_transaction@spi                cstackCOMRAM 00051A
SDCard_init@buf                           cstackBANK5  0005E3
SDCard_init@clock_speed                   cstackBANK5  0005DB
SDCard_init@i                             cstackBANK5  0005DF
SDCard_init@initial_clock_speed           cstackBANK5  0005D9
SDCard_init@spi                           cstackBANK5  0005E1
SDCard_init@timeout                       cstackBANK5  0005DD
SDCard_read512@addr                       cstackBANK5  0005F2
SDCard_read512@buf                        cstackBANK5  0005F8
SDCard_read512@count                      cstackBANK5  0005FA
SDCard_read512@crc                        cstackBANK6  00060C
SDCard_read512@i                          cstackBANK6  000600
SDCard_read512@i_718                      cstackBANK6  000602
SDCard_read512@offs                       cstackBANK5  0005F6
SDCard_read512@resp_crc                   cstackBANK6  000606
SDCard_read512@response                   cstackBANK6  00060E
SDCard_read512@result                     cstackBANK6  000608
SDCard_read512@retry                      cstackBANK6  000604
SDCard_read512@spi                        cstackBANK6  00060A
SDCard_write512@addr                      cstackBANK5  0005F2
SDCard_write512@buf                       cstackBANK5  0005F8
SDCard_write512@count                     cstackBANK5  0005FA
SDCard_write512@crc                       cstackBANK6  000608
SDCard_write512@i                         cstackBANK6  000600
SDCard_write512@i_735                     cstackBANK6  000602
SDCard_write512@offs                      cstackBANK5  0005F6
SDCard_write512@response                  cstackBANK6  00060C
SDCard_write512@result                    cstackBANK6  000606
SDCard_write512@retry                     cstackBANK6  000604
SDCard_write512@spi                       cstackBANK6  00060A
SPI_SD_begin@ctx                          cstackCOMRAM 00050B
SPI_SD_begin@ctx_                         cstackCOMRAM 000509
SPI_SD_begin_transaction@ctx_             cstackCOMRAM 00050D
SPI_SD_configure@bit_order                cstackBANK5  0005D5
SPI_SD_configure@clock_speed              cstackBANK5  0005D3
SPI_SD_configure@ctx_                     cstackBANK5  0005D1
SPI_SD_configure@data_mode                cstackBANK5  0005D6
SPI_SD_dummy_clocks@clocks                cstackCOMRAM 000515
SPI_SD_dummy_clocks@ctx_                  cstackCOMRAM 000513
SPI_SD_dummy_clocks@dummy                 cstackCOMRAM 000519
SPI_SD_dummy_clocks@i                     cstackCOMRAM 000517
SPI_SD_end_transaction@ctx_               cstackCOMRAM 00050D
SPI_SD_receive@buf                        cstackCOMRAM 00050B
SPI_SD_receive@count                      cstackCOMRAM 00050D
SPI_SD_receive@ctx_                       cstackCOMRAM 000509
SPI_SD_receive@i                          cstackCOMRAM 000512
SPI_SD_receive@i_634                      cstackCOMRAM 000514
SPI_SD_receive@p                          cstackCOMRAM 000515
SPI_SD_receive@repeat                     cstackCOMRAM 000511
SPI_SD_receive_byte@ctx_                  cstackCOMRAM 000517
SPI_SD_receive_byte@dummy                 cstackCOMRAM 000519
SPI_SD_select@ctx_                        cstackCOMRAM 000509
SPI_SD_select@select                      cstackCOMRAM 00050B
SPI_SD_send@buf                           cstackCOMRAM 00050B
SPI_SD_send@count                         cstackCOMRAM 00050D
SPI_SD_send@ctx_                          cstackCOMRAM 000509
SPI_SD_send@i                             cstackCOMRAM 00050F
SPI_SD_send@p                             cstackCOMRAM 000511
TIMER0_ISR@tmpCnt                         cstackCOMRAM 000501
URT3Rx_ISR@rx_data                        cstackCOMRAM 000505
URT5Rx_ISR@ax_data                        cstackCOMRAM 000508
_ANSELA                                   (abs)        000400
_ANSELB                                   (abs)        000408
_ANSELC                                   (abs)        000410
_ANSELD                                   (abs)        000418
_ANSELE0                                  (abs)        002100
_ANSELE1                                  (abs)        002101
_ANSELE2                                  (abs)        002102
_CLC3OUT                                  (abs)        0006A2
_CLCIN4PPS                                (abs)        000265
_CLCIN5PPS                                (abs)        000266
_CLCSELECT                                (abs)        0000D5
_CLCnCON                                  (abs)        0000D6
_CLCnGLS0                                 (abs)        0000DC
_CLCnGLS1                                 (abs)        0000DD
_CLCnGLS2                                 (abs)        0000DE
_CLCnGLS3                                 (abs)        0000DF
_CLCnPOL                                  (abs)        0000D7
_CLCnSEL0                                 (abs)        0000D8
_CLCnSEL1                                 (abs)        0000D9
_CLCnSEL2                                 (abs)        0000DA
_CLCnSEL3                                 (abs)        0000DB
_DbcTbl                                   mediumconst  00F631
_Default_ISR                              text197      01FAEC
_FatFs                                    bssBANK6     0006ED
_Fsid                                     bssBANK7     00071B
_G3POL                                    (abs)        0006BA
_GIE                                      (abs)        0026B7
_I2C1ADB1                                 (abs)        00028F
_I2C1CLK                                  (abs)        00029E
_I2C1CNTH                                 (abs)        00028D
_I2C1CNTL                                 (abs)        00028C
_I2C1CON0bits                             (abs)        000294
_I2C1CON1bits                             (abs)        000295
_I2C1CON2bits                             (abs)        000296
_I2C1ERR                                  (abs)        000297
_I2C1PIE                                  (abs)        00029B
_I2C1PIR                                  (abs)        00029A
_I2C1PIRbits                              (abs)        00029A
_I2C1RXB                                  (abs)        00028A
_I2C1SCLPPS                               (abs)        000271
_I2C1SDAPPS                               (abs)        000270
_I2C1STAT0bits                            (abs)        000298
_I2C1STAT1bits                            (abs)        000299
_I2C1TXB                                  (abs)        00028B
_I2C1_Init                                text22       01F800
_I2C_ByteRead                             text29       01EBDC
_I2C_ByteWrite                            text28       01F1DC
_I2C_Check_BusFree                        text27       01ED72
_IVTBASE                                  (abs)        00045D
_IVTLOCK                                  (abs)        000459
_IVTLOCKbits                              (abs)        000459
_LATA0                                    (abs)        0025F0
_LATA1                                    (abs)        0025F1
_LATA2                                    (abs)        0025F2
_LATA3                                    (abs)        0025F3
_LATA4                                    (abs)        0025F4
_LATA5                                    (abs)        0025F5
_LATA6                                    (abs)        0025F6
_LATB                                     (abs)        0004BF
_LATC0                                    (abs)        002600
_LATC1                                    (abs)        002601
_LATC3                                    (abs)        002603
_LATC4                                    (abs)        002604
_LATC5                                    (abs)        002605
_LATC6                                    (abs)        002606
_LATC7                                    (abs)        002607
_LATD                                     (abs)        0004C1
_LATE0                                    (abs)        002610
_LATE1                                    (abs)        002611
_LATE2                                    (abs)        002612
_LFOEN                                    (abs)        00059C
_MFOEN                                    (abs)        00059D
_ODCONC                                   (abs)        000412
_OSCFRQ                                   (abs)        0000B1
_PORTB                                    (abs)        0004CF
_PWM1CLK                                  (abs)        000461
_PWM1CON                                  (abs)        000469
_PWM1GIE                                  (abs)        000468
_PWM1PR                                   (abs)        000463
_PWM1S1CFG                                (abs)        00046A
_PWM1S1P1                                 (abs)        00046B
_PWM1S1P2                                 (abs)        00046D
_RA5                                      (abs)        002675
_RA6PPS                                   (abs)        000207
_RB0PPS                                   (abs)        000209
_RB1PPS                                   (abs)        00020A
_RC1PPS                                   (abs)        000212
_RC3                                      (abs)        002683
_RC3I2C                                   (abs)        000287
_RC3PPS                                   (abs)        000214
_RC4                                      (abs)        002684
_RC4I2C                                   (abs)        000286
_RC4PPS                                   (abs)        000215
_RC6PPS                                   (abs)        000217
_RC7PPS                                   (abs)        000218
_SDCard_command                           text12       01E76C
_SDCard_crc                               text181      01E5EA
_SDCard_end_transaction                   text182      01F762
_SDCard_init                              text9        0141B6
_SDCard_read512                           text144      016464
_SDCard_write512                          text142      015044
_SLRCONBbits                              (abs)        00040B
_SPI1BAUD                                 (abs)        000089
_SPI1CLK                                  (abs)        00008C
_SPI1CON0                                 (abs)        000084
_SPI1CON0bits                             (abs)        000084
_SPI1CON1                                 (abs)        000085
_SPI1CON1bits                             (abs)        000085
_SPI1CON2bits                             (abs)        000086
_SPI1INTE                                 (abs)        00008B
_SPI1RXB                                  (abs)        000080
_SPI1RXIF                                 (abs)        002588
_SPI1SCKPPS                               (abs)        00026A
_SPI1SDIPPS                               (abs)        00026B
_SPI1TCNTH                                (abs)        000083
_SPI1TCNTL                                (abs)        000082
_SPI1TWIDTH                               (abs)        000088
_SPI1TXB                                  (abs)        000081
_SPI_SD_begin                             text11       01F70A
_SPI_SD_begin_transaction                 text180      01F88A
_SPI_SD_configure                         text10       01BED2
_SPI_SD_ctx                               dataBANK7    0007FE
_SPI_SD_dummy_clocks                      text185      01EE2E
_SPI_SD_end_transaction                   text183      01F8AC
_SPI_SD_receive                           text179      016F12
_SPI_SD_receive_byte                      text178      01F868
_SPI_SD_select                            text184      01F91E
_SPI_SD_send                              text188      01E32A
_T0CON0                                   (abs)        00031A
_T0CON1                                   (abs)        00031B
_TIMER0_ISR                               text198      01EB0C
_TMR0H                                    (abs)        000319
_TMR0IE                                   (abs)        00250F
_TMR0IF                                   (abs)        00258F
_TMR0L                                    (abs)        000318
_TRISA0                                   (abs)        002630
_TRISA1                                   (abs)        002631
_TRISA2                                   (abs)        002632
_TRISA3                                   (abs)        002633
_TRISA4                                   (abs)        002634
_TRISA5                                   (abs)        002635
_TRISA6                                   (abs)        002636
_TRISA7                                   (abs)        002637
_TRISB                                    (abs)        0004C7
_TRISB0                                   (abs)        002638
_TRISB1                                   (abs)        002639
_TRISB2                                   (abs)        00263A
_TRISC0                                   (abs)        002640
_TRISC1                                   (abs)        002641
_TRISC2                                   (abs)        002642
_TRISC3                                   (abs)        002643
_TRISC4                                   (abs)        002644
_TRISC5                                   (abs)        002645
_TRISC6                                   (abs)        002646
_TRISC7                                   (abs)        002647
_TRISD                                    (abs)        0004C9
_TRISE0                                   (abs)        002650
_TRISE1                                   (abs)        002651
_TRISE2                                   (abs)        002652
_U3BRG                                    (abs)        0002D4
_U3ON                                     (abs)        001697
_U3RXB                                    (abs)        0002C7
_U3RXEN                                   (abs)        00168C
_U3RXIE                                   (abs)        002538
_U3RXPPS                                  (abs)        000276
_U3TXB                                    (abs)        0002C9
_U3TXEN                                   (abs)        00168D
_U3TXIF                                   (abs)        0025B9
_U5BRG                                    (abs)        0002FA
_U5ON                                     (abs)        0017C7
_U5RXB                                    (abs)        0002ED
_U5RXEN                                   (abs)        0017BC
_U5RXIE                                   (abs)        002558
_U5RXPPS                                  (abs)        00027A
_U5TXB                                    (abs)        0002EF
_U5TXEN                                   (abs)        0017BD
_U5TXIF                                   (abs)        0025D9
_URT3Rx_ISR                               text199      01EC44
_URT5Rx_ISR                               text200      01F39C
_WPUA0                                    (abs)        002008
_WPUA1                                    (abs)        002009
_WPUA2                                    (abs)        00200A
_WPUA3                                    (abs)        00200B
_WPUA4                                    (abs)        00200C
_WPUA5                                    (abs)        00200D
_WPUB                                     (abs)        000409
_WPUC0                                    (abs)        002088
_WPUC3                                    (abs)        00208B
_WPUC4                                    (abs)        00208C
_WPUC5                                    (abs)        00208D
_WPUC6                                    (abs)        00208E
_WPUC7                                    (abs)        00208F
_WPUD                                     (abs)        000419
_WPUE1                                    (abs)        002109
_WPUE2                                    (abs)        00210A
__HRAM                                    (abs)        000000
__H__absolute__                           __absolute__ 000000
__Habs1                                   abs1         000000
__Hbank10                                 bank10       000000
__Hbank11                                 bank11       000000
__Hbank12                                 bank12       000000
__Hbank13                                 bank13       000000
__Hbank14                                 bank14       000000
__Hbank15                                 bank15       000000
__Hbank16                                 bank16       000000
__Hbank17                                 bank17       000000
__Hbank18                                 bank18       000000
__Hbank19                                 bank19       000000
__Hbank20                                 bank20       000000
__Hbank21                                 bank21       000000
__Hbank22                                 bank22       000000
__Hbank23                                 bank23       000000
__Hbank24                                 bank24       000000
__Hbank25                                 bank25       000000
__Hbank26                                 bank26       000000
__Hbank27                                 bank27       000000
__Hbank28                                 bank28       000000
__Hbank29                                 bank29       000000
__Hbank30                                 bank30       000000
__Hbank31                                 bank31       000000
__Hbank32                                 bank32       000000
__Hbank33                                 bank33       000000
__Hbank34                                 bank34       000000
__Hbank35                                 bank35       000000
__Hbank36                                 bank36       000000
__Hbank37                                 bank37       000000
__Hbank38                                 bank38       000000
__Hbank39                                 bank39       000000
__Hbank40                                 bank40       000000
__Hbank41                                 bank41       000000
__Hbank42                                 bank42       000000
__Hbank43                                 bank43       000000
__Hbank44                                 bank44       000000
__Hbank45                                 bank45       000000
__Hbank46                                 bank46       000000
__Hbank47                                 bank47       000000
__Hbank48                                 bank48       000000
__Hbank49                                 bank49       000000
__Hbank5                                  bank5        000000
__Hbank50                                 bank50       000000
__Hbank51                                 bank51       000000
__Hbank52                                 bank52       000000
__Hbank53                                 bank53       000000
__Hbank54                                 bank54       000000
__Hbank6                                  bank6        000000
__Hbank7                                  bank7        000000
__Hbank8                                  bank8        000000
__Hbank9                                  bank9        000000
__Hbigbss                                 bigbss       000000
__Hbigdata                                bigdata      000000
__Hbigram                                 bigram       000000
__Hbigsfr                                 bigsfr       000000
__Hbss                                    bss          000000
__HbssBANK10                              bssBANK10    000000
__HbssBANK6                               bssBANK6     000000
__HbssBANK7                               bssBANK7     000000
__HbssBANK8                               bssBANK8     000000
__HbssBANK9                               bssBANK9     000000
__HbssBIGRAM                              bssBIGRAM    000000
__HbssCOMRAM                              bssCOMRAM    000000
__Hcinit                                  cinit        000000
__Hclrtext                                clrtext      000000
__Hcomram                                 comram       000000
__Hconfig                                 config       300023
__Hconst                                  const        000000
__HcstackBANK5                            cstackBANK5  000000
__HcstackBANK6                            cstackBANK6  000000
__HcstackBANK7                            cstackBANK7  000000
__HcstackBANK8                            cstackBANK8  000000
__HcstackCOMRAM                           cstackCOMRAM 000000
__Hdata                                   data         000000
__HdataBANK6                              dataBANK6    000000
__HdataBANK7                              dataBANK7    000000
__HdataBANK8                              dataBANK8    000000
__HdataBANK9                              dataBANK9    000000
__Heeprom_data                            eeprom_data  000000
__Hfarbss                                 farbss       000000
__Hfardata                                fardata      000000
__Hheap                                   heap         000000
__Hibigdata                               ibigdata     000000
__Hidata                                  idata        000000
__HidataBANK6                             idataBANK6   000000
__HidataBANK7                             idataBANK7   000000
__HidataBANK8                             idataBANK8   000000
__HidataBANK9                             idataBANK9   000000
__Hidloc                                  idloc        000000
__Hifardata                               ifardata     000000
__Hinit                                   init         00010E
__Hintsave_regs                           intsave_regs 000000
__Hirdata                                 irdata       000000
__Hivt0x8                                 ivt0x8       00010A
__Hmediumconst                            mediumconst  010000
__HnvFARRAM                               nvFARRAM     000000
__Hnvbit                                  nvbit        000000
__Hnvrram                                 nvrram       000000
__Hparam                                  rparam       000000
__Hpowerup                                powerup      000000
__Hram                                    ram          000000
__Hramtop                                 ramtop       004000
__Hrbit                                   rbit         000000
__Hrbss                                   rbss         000000
__Hrdata                                  rdata        000000
__Hreset_vec                              reset_vec    000004
__Hrparam                                 rparam       000000
__Hsfr                                    sfr          000000
__Hsmallconst                             smallconst   000000
__Hspace_0                                (abs)        01FAEE
__Hspace_1                                (abs)        00221E
__Hspace_2                                (abs)        000000
__Hspace_4                                (abs)        600023
__Hstack                                  stack        000000
__Hstruct                                 struct       000000
__Htemp                                   temp         000000
__Htext                                   text         000000
__Htext0                                  text0        000000
[...]
util_addrdump@i                           cstackBANK5  0005F0
util_addrdump@size                        cstackBANK5  0005D9
util_hexdump@addr                         cstackBANK5  0005D3
util_hexdump@buf                          cstackBANK5  0005EA
util_hexdump@chars                        cstackBANK5  0005D9
util_hexdump@header                       cstackBANK5  0005D1
util_hexdump@i                            cstackBANK5  0005EC
util_hexdump@size                         cstackBANK5  0005D5
util_hexdump_sum@addr                     cstackBANK5  0005F0
util_hexdump_sum@header                   cstackBANK5  0005EE
util_hexdump_sum@i                        cstackBANK5  0005F6
util_hexdump_sum@p                        cstackBANK5  0005F4
util_hexdump_sum@size                     cstackBANK5  0005F2
util_hexdump_sum@sum                      cstackBANK5  0005F8
validate@obj                              cstackBANK5  0005D1
validate@res                              cstackBANK5  0005DB
validate@rfs                              cstackBANK5  0005D3
vfpfcnvrt@ap                              cstackBANK5  0005AD
vfpfcnvrt@c                               cstackBANK5  0005B8
vfpfcnvrt@convarg                         cstackBANK5  0005B4
vfpfcnvrt@cp                              cstackBANK5  0005B9
vfpfcnvrt@done                            cstackBANK5  0005B3
vfpfcnvrt@fmt                             cstackBANK5  0005AB
vfpfcnvrt@fp                              cstackBANK5  0005A9
vfprintf@ap                               cstackBANK5  0005BF
vfprintf@cfmt                             cstackBANK5  0005C1
vfprintf@fmt                              cstackBANK5  0005BD
vfprintf@fp                               cstackBANK5  0005BB
write_I2C@buff                            cstackCOMRAM 00050B
write_I2C@client_addr                     cstackCOMRAM 00050D
write_I2C@cnt                             cstackCOMRAM 00050E
write_I2C@count                           cstackCOMRAM 00050A
write_I2C@wordAdd                         cstackCOMRAM 000509
write_disk@cnt                            cstackBANK6  0006B5
write_disk@req_h                          cstackBANK6  0006B3
write_sector@addr                         cstackBANK6  0006B6
write_sector@filep                        cstackBANK6  0006BA
write_sector@fres                         cstackBANK6  0006BC
write_sector@io_dos$F2020@filep           cstackBANK6  0006AE
write_sector@io_dos$F2020@fres            cstackBANK6  0006B0
write_sector@io_dos$F2020@n               cstackBANK6  0006B1
write_sector@io_dos$F2020@req_h           cstackBANK6  0006A9
write_sector@n                            cstackBANK6  0006BD
write_sram@ab                             cstackCOMRAM 00051C
write_sram@addr                           cstackCOMRAM 000511
write_sram@buf                            cstackCOMRAM 000515
write_sram@i                              cstackCOMRAM 00051A
write_sram@len                            cstackCOMRAM 000517
write_verify@cnt                          cstackBANK6  0006BB
write_verify@i                            cstackBANK6  0006BD
write_verify@req_h                        cstackBANK6  0006B7
xtoa@a                                    cstackCOMRAM 00052E
xtoa@c                                    cstackCOMRAM 000535
xtoa@d                                    cstackCOMRAM 000525
xtoa@fp                                   cstackCOMRAM 000523
xtoa@i                                    cstackCOMRAM 000536
xtoa@p                                    cstackCOMRAM 000531
xtoa@w                                    cstackCOMRAM 000533
xtoa@x                                    cstackCOMRAM 000529


MODULE INFORMATION

Module		Function		Class		Link	Load	Size
C:\Program Files\Microchip\xc8\v3.00\pic\sources\c99\common\flge.c
		___flge        		CODE           	1C792	0000	260

C:\Program Files\Microchip\xc8\v3.00\pic\sources\c99\common\flge.c estimated size: 260

C:\Program Files\Microchip\xc8\v3.00\pic\sources\c99\common\abs.c
		_abs           		CODE           	1F6D6	0000	52

C:\Program Files\Microchip\xc8\v3.00\pic\sources\c99\common\abs.c estimated size: 52

../src/mez88_47Q_main.c
		_main          		CODE           	180F0	0000	550
		_open_dskimg   		CODE           	18B70	0000	528
		_setup_msdos   		CODE           	19AB8	0000	436
		_setup_cpm     		CODE           	1B844	0000	348
		_disk_init     		CODE           	1F0EA	0000	82
		_load_program  		CODE           	1B3F6	0000	378
		_chk_os        		CODE           	17A3A	0000	588

../src/mez88_47Q_main.c estimated size: 2910

C:\Program Files\Microchip\xc8\v3.00\pic\sources\c99\common\nf_fputc.c
		_fputc         		CODE           	1D6CC	0000	202

C:\Program Files\Microchip\xc8\v3.00\pic\sources\c99\common\nf_fputc.c estimated size: 202

../drivers/diskio.c
		_get_fattime   		CODE           	1FA86	0000	18
		_disk_initialize		CODE           	17526	0000	660
		_disk_write    		CODE           	1B0FA	0000	382
		_disk_status   		CODE           	1E6EC	0000	128
		_disk_ioctl    		CODE           	1DF76	0000	164
		_disk_read     		CODE           	1B278	0000	382

../drivers/diskio.c estimated size: 1734

../src/boards/../../drivers/SDCard.c
		_SDCard_crc    		CODE           	1E5EA	0000	130
		___SDCard_crc16		CODE           	1D85E	0000	196
		_SDCard_init   		CODE           	141B6	0000	1260
		_SDCard_read512		CODE           	16464	0000	916
		_SDCard_command		CODE           	1E76C	0000	124
		_SDCard_write512		CODE           	15044	0000	1102
		_SDCard_end_transaction		CODE           	1F762	0000	42
		___SDCard_wait_response		CODE           	1F354	0000	70
		___SDCard_command_r1		CODE           	1DCC4	0000	182

../src/boards/../../drivers/SDCard.c estimated size: 4022

../src/io_cpm.c
		_seek_disk     		CODE           	1C132	0000	284
		_unimon_console		CODE           	1C24E	0000	276
		_cpmio_init    		CODE           	1FAC8	0000	8
		_setup_drive   		CODE           	1E8D8	0000	118
		_dsk_err       		CODE           	1FAD8	0000	8
		_write_sector  		CODE           	19902	0000	438
		_read_sector   		CODE           	1ADFA	0000	386
		_cpm_bus_master_operation		CODE           	18D80	0000	512

../src/io_cpm.c estimated size: 2030

C:\Program Files\Microchip\xc8\v3.00\pic\sources\c99\common\memcmp.c
		_memcmp        		CODE           	1D39C	0000	206

C:\Program Files\Microchip\xc8\v3.00\pic\sources\c99\common\memcmp.c estimated size: 206

C:\Program Files\Microchip\xc8\v3.00\pic\sources\c99\common\memcpy.c
		_memcpy        		CODE           	1F18C	0000	80

C:\Program Files\Microchip\xc8\v3.00\pic\sources\c99\common\memcpy.c estimated size: 80

../src/boards/../../drivers/pic18f57q43_spi.c
		_SPI_SD_send   		CODE           	1E32A	0000	148
		_SPI_SD_begin  		CODE           	1F70A	0000	46
		_SPI_SD_select 		CODE           	1F91E	0000	24
		_SPI_SD_configure		CODE           	1BED2	0000	306
		_SPI_SD_receive_byte		CODE           	1F868	0000	34
		_SPI_SD_receive		CODE           	16F12	0000	808
		_SPI_SD_end_transaction		CODE           	1F8AC	0000	34
		_SPI_SD_dummy_clocks		CODE           	1EE2E	0000	94
		_release_bus   		CODE           	1F466	0000	62
		_SPI_SD_begin_transaction		CODE           	1F88A	0000	34
		_acquire_bus   		CODE           	1F044	0000	84

../src/boards/../../drivers/pic18f57q43_spi.c estimated size: 1674

C:\Program Files\Microchip\xc8\v3.00\pic\sources\c99\common\flneg.c
		___flneg       		CODE           	1F5FA	0000	56

C:\Program Files\Microchip\xc8\v3.00\pic\sources\c99\common\flneg.c estimated size: 56

C:\Program Files\Microchip\xc8\v3.00\pic\sources\c99\common\__fpclassifyf.c
		___fpclassifyf 		CODE           	1C996	0000	254

C:\Program Files\Microchip\xc8\v3.00\pic\sources\c99\common\__fpclassifyf.c estimated size: 254

C:\Program Files\Microchip\xc8\v3.00\pic\sources\c99\common\nf_sprintf.c
		_sprintf       		CODE           	1F13C	0000	80

C:\Program Files\Microchip\xc8\v3.00\pic\sources\c99\common\nf_sprintf.c estimated size: 80

../src/boards/mez88_common.c
		_get_physical_addr		CODE           	1F5C2	0000	56
		_mez88_common_sys_init		CODE           	1EB76	0000	102
		_putch         		CODE           	1FA14	0000	22
		_getax         		CODE           	1F22A	0000	78
		_uart5_init    		CODE           	1F824	0000	34
		_devio_init    		CODE           	1F738	0000	42
		_timer0_init   		CODE           	1F8CE	0000	28
		_write_sram    		CODE           	1DC0E	0000	182
		_URT3Rx_ISR    		CODE           	1EC44	0000	102
		_read_sram     		CODE           	1DB58	0000	182
		_emu88_common_wait_for_programmer		CODE           	1F098	0000	82
		_URT5Rx_ISR    		CODE           	1F39C	0000	70
		_getch         		CODE           	1F2C4	0000	74
		_mez88_common_start_i88		CODE           	1FA3E	0000	18
		_putax         		CODE           	1F9BC	0000	22
		_TIMER0_ISR    		CODE           	1EB0C	0000	106
		_Default_ISR   		CODE           	1FAEC	0000	2

../src/boards/mez88_common.c estimated size: 1202

../src/I2C_IO.c
		_read_I2C      		CODE           	1D2C8	0000	212
		_I2C1_Init     		CODE           	1F800	0000	36
		_chk_i2cdev    		CODE           	1D114	0000	220
		_write_I2C     		CODE           	1E294	0000	150
		_rst_I2C       		CODE           	1FABE	0000	10
		_I2C_ByteRead  		CODE           	1EBDC	0000	102
		_I2C_ByteWrite 		CODE           	1F1DC	0000	78
		_I2C_Check_BusFree		CODE           	1ED72	0000	94
		_chk_ACK       		CODE           	1F552	0000	56

../src/I2C_IO.c estimated size: 958

C:\Program Files\Microchip\xc8\v3.00\pic\sources\c99\common\printf.c
		_printf        		CODE           	1F7B4	0000	40

C:\Program Files\Microchip\xc8\v3.00\pic\sources\c99\common\printf.c estimated size: 40

../fatfs/ff.c
		_clst2sect     		CODE           	1D536	0000	204
		_find_volume   		CODE           	19178	0000	500
		_dir_clear     		CODE           	1B9A0	0000	336
		_ld_dword      		CODE           	1DAA0	0000	184
		_remove_chain  		CODE           	17EBE	0000	562
		_f_mount       		CODE           	1CB90	0000	250
		_get_fat       		CODE           	15CE2	0000	1004
		_st_word       		CODE           	1F78C	0000	40
		_get_ldnumber  		CODE           	1A172	0000	414
		_st_clust      		CODE           	1F278	0000	76
		_create_name   		CODE           	160CE	0000	918
		_create_chain  		CODE           	13C06	0000	1456
		_dbc_1st       		CODE           	1E15C	0000	156
		_f_lseek       		CODE           	11DA0	0000	2050
		_validate      		CODE           	1C896	0000	256
		_check_fs      		CODE           	1723A	0000	748
		_f_sync        		CODE           	18532	0000	534
		_get_fileinfo  		CODE           	18F80	0000	504
		_dir_read      		CODE           	19FCE	0000	420
		_st_dword      		CODE           	1EA36	0000	108
		_f_write       		CODE           	11524	0000	2172
		_dir_alloc     		CODE           	1BAF0	0000	334
		_f_opendir     		CODE           	1AF7C	0000	382
		_put_fat       		CODE           	146A2	0000	1260
		_f_readdir     		CODE           	1CE6C	0000	230
		_sync_fs       		CODE           	1895E	0000	530
		_dir_next      		CODE           	15492	0000	1066
		_sync_window   		CODE           	1A4AE	0000	412
		_dir_register  		CODE           	1CF52	0000	226
		_ld_word       		CODE           	1F632	0000	56
		_dir_find      		CODE           	1AC76	0000	388
		_f_open        		CODE           	125A2	0000	2024
		_f_read        		CODE           	134F2	0000	1812
		_f_close       		CODE           	1EF40	0000	88
		_dir_sdi       		CODE           	16B88	0000	906
		_follow_path   		CODE           	18316	0000	540
		_f_closedir    		CODE           	1F51A	0000	56
		_dbc_2nd       		CODE           	1D034	0000	224
		_ld_clust      		CODE           	1E66C	0000	128
		_move_window   		CODE           	1D602	0000	202
		_mount_volume  		CODE           	10000	0000	2756

../fatfs/ff.c estimated size: 26512

../drivers/utils.c
		_cnv_byte      		CODE           	1F8EA	0000	28
		_chk_leap      		CODE           	1E450	0000	140
		_util_addrdump 		CODE           	1B570	0000	370
		_util_hexdump  		CODE           	1B6E2	0000	354
		_days_from_1980		CODE           	1D1F0	0000	216
		_util_hexdump_sum		CODE           	1E568	0000	130
		_cnv_bcd       		CODE           	1E4DC	0000	140
		_jan_to_days   		CODE           	1E860	0000	120
		_cnv_ymd       		CODE           	1C004	0000	302
		_leaps         		CODE           	1EEE6	0000	90

../drivers/utils.c estimated size: 1890

C:\Program Files\Microchip\xc8\v3.00\pic\sources\c99\common\lwmod.c
		___lwmod       		CODE           	1ED0E	0000	100

C:\Program Files\Microchip\xc8\v3.00\pic\sources\c99\common\lwmod.c estimated size: 100

../src/memtst.c
		_mem_init      		CODE           	177BA	0000	640

../src/memtst.c estimated size: 640

C:\Program Files\Microchip\xc8\v3.00\pic\sources\c99\common\floorf.c
		_floorf        		CODE           	18748	0000	534

C:\Program Files\Microchip\xc8\v3.00\pic\sources\c99\common\floorf.c estimated size: 534

C:\Program Files\Microchip\xc8\v3.00\pic\sources\c99\common\fleq.c
		___fleq        		CODE           	1DE26	0000	170

C:\Program Files\Microchip\xc8\v3.00\pic\sources\c99\common\fleq.c estimated size: 170

C:\Program Files\Microchip\xc8\v3.00\pic\sources\c99\common\sprcmul.c
		___flmul       		CODE           	158BC	0000	1062

C:\Program Files\Microchip\xc8\v3.00\pic\sources\c99\common\sprcmul.c estimated size: 1062

C:\Program Files\Microchip\xc8\v3.00\pic\sources\c99\common\Umul32.c
		___lmul        		CODE           	1EAA2	0000	106

C:\Program Files\Microchip\xc8\v3.00\pic\sources\c99\common\Umul32.c estimated size: 106

C:\Program Files\Microchip\xc8\v3.00\pic\sources\c99\common\almod.c
		___almod       		CODE           	1CD82	0000	234

C:\Program Files\Microchip\xc8\v3.00\pic\sources\c99\common\almod.c estimated size: 234

C:\Program Files\Microchip\xc8\v3.00\pic\sources\c99\common\__lldiv.c
		___lldiv       		CODE           	1E01A	0000	164

C:\Program Files\Microchip\xc8\v3.00\pic\sources\c99\common\__lldiv.c estimated size: 164

C:\Program Files\Microchip\xc8\v3.00\pic\sources\c99\common\sprcdiv.c
		___fldiv       		CODE           	167F8	0000	912

C:\Program Files\Microchip\xc8\v3.00\pic\sources\c99\common\sprcdiv.c estimated size: 912

shared
		_mtod          		MEDIUMCONST    	F619	0000	24
		_DbcTbl        		MEDIUMCONST    	F631	0000	10
		__initialization		CODE           	1CC8A	0000	242

shared estimated size: 276

C:\Program Files\Microchip\xc8\v3.00\pic\sources\c99\common\xxtofl.c
		___xxtofl      		CODE           	19C6C	0000	436

C:\Program Files\Microchip\xc8\v3.00\pic\sources\c99\common\xxtofl.c estimated size: 436

C:\Program Files\Microchip\xc8\v3.00\pic\sources\c99\common\nf_fputs.c
		_fputs         		CODE           	1F3E2	0000	68

C:\Program Files\Microchip\xc8\v3.00\pic\sources\c99\common\nf_fputs.c estimated size: 68

C:\Program Files\Microchip\xc8\v3.00\pic\sources\c99\common\strcmp.c
		_strcmp        		CODE           	1E7E8	0000	120

C:\Program Files\Microchip\xc8\v3.00\pic\sources\c99\common\strcmp.c estimated size: 120

C:\Program Files\Microchip\xc8\v3.00\pic\sources\c99\common\strchr.c
		_strchr        		CODE           	1EE8C	0000	90

C:\Program Files\Microchip\xc8\v3.00\pic\sources\c99\common\strchr.c estimated size: 90

C:\Program Files\Microchip\xc8\v3.00\pic\sources\c99\common\strcpy.c
		_strcpy        		CODE           	1F4A4	0000	60

C:\Program Files\Microchip\xc8\v3.00\pic\sources\c99\common\strcpy.c estimated size: 60

C:\Program Files\Microchip\xc8\v3.00\pic\sources\c99\common\memset.c
		_memset        		CODE           	1F58A	0000	56

C:\Program Files\Microchip\xc8\v3.00\pic\sources\c99\common\memset.c estimated size: 56

../src/io_dos.c
		_dsk_drv_err   		CODE           	1F94E	0000	22
		_seek_disk@io_dos$F1910		CODE           	1D9E2	0000	190
		_dev_aux       		CODE           	1A7D8	0000	398
		_command_error 		CODE           	1F9E8	0000	22
		_dos_bus_master_operation		CODE           	19730	0000	466
		_write_disk    		CODE           	1E1F8	0000	156
		_read_disk     		CODE           	1DD7A	0000	172
		_dsk_bpb_err   		CODE           	1F9A6	0000	22
		_dsk_media_check		CODE           	1FA74	0000	18
		_write_sector@io_dos$F2020		CODE           	19E20	0000	430
		_set_drive     		CODE           	1F6A0	0000	54
		_unimon_console@io_dos$F1644		CODE           	1BC3E	0000	334
		_dos_sec_size  		CODE           	1FAB4	0000	10
		_read_sector@io_dos$F1956		CODE           	1A64A	0000	398
		_set_bpb       		CODE           	1CA94	0000	252
		_dsk_wr_err    		CODE           	1F964	0000	22
		_dev_con       		CODE           	1A966	0000	394
		_dev_exit      		CODE           	1F9D2	0000	22
		_setup_drive@io_dos$F1896		CODE           	1ECAA	0000	100
		_dev_DS1307    		CODE           	17C86	0000	568
		_dosio_init    		CODE           	1F906	0000	24
		_set_dskinit_bpb		CODE           	1C362	0000	274
		_write_verify  		CODE           	1BD8C	0000	326
		_dev_tim       		CODE           	1C474	0000	270
		_busy_exit     		CODE           	1F9FE	0000	22
		_dev_prn       		CODE           	1FAA6	0000	14
		_setup_clk_aux 		CODE           	1D922	0000	192
		_dsk_rd_err    		CODE           	1F97A	0000	22
		_dsk_crc_err   		CODE           	1F990	0000	22
		_dev_dsk       		CODE           	1936C	0000	486

../src/io_dos.c estimated size: 5702

C:\Program Files\Microchip\xc8\v3.00\pic\sources\c99\common\lwdiv.c
		___lwdiv       		CODE           	1E9C2	0000	116

C:\Program Files\Microchip\xc8\v3.00\pic\sources\c99\common\lwdiv.c estimated size: 116

C:\Program Files\Microchip\xc8\v3.00\pic\sources\c99\common\fltol.c
		___fltol       		CODE           	1C68C	0000	262

C:\Program Files\Microchip\xc8\v3.00\pic\sources\c99\common\fltol.c estimated size: 262

C:\Program Files\Microchip\xc8\v3.00\pic\sources\c99\common\labs.c
		_labs          		CODE           	1EFEE	0000	86

C:\Program Files\Microchip\xc8\v3.00\pic\sources\c99\common\labs.c estimated size: 86

C:\Program Files\Microchip\xc8\v3.00\pic\sources\c99\common\aldiv.c
		___aldiv       		CODE           	1C582	0000	266

C:\Program Files\Microchip\xc8\v3.00\pic\sources\c99\common\aldiv.c estimated size: 266

C:\Program Files\Microchip\xc8\v3.00\pic\sources\c99\common\doprnt.c
		_read_prec_or_width		CODE           	1D46A	0000	204
		_vfpfcnvrt     		CODE           	12D8A	0000	1896
		_efgtoa        		CODE           	10AC4	0000	2656
		_pad           		CODE           	1E0BE	0000	158
		_ctoa          		CODE           	1D796	0000	200
		_dtoa          		CODE           	19552	0000	478
		_vfprintf      		CODE           	1EF98	0000	86
		_stoa          		CODE           	1A310	0000	414
		_xtoa          		CODE           	1AAF0	0000	390

C:\Program Files\Microchip\xc8\v3.00\pic\sources\c99\common\doprnt.c estimated size: 6482

C:\Program Files\Microchip\xc8\v3.00\pic\sources\c99\common\sprcadd.c
		___flsub       		CODE           	1F30E	0000	70
		___fladd       		CODE           	14B8E	0000	1206

C:\Program Files\Microchip\xc8\v3.00\pic\sources\c99\common\sprcadd.c estimated size: 1276

../src/boards/MEZ8847Q_RAM.c
		_board_event_loop		CODE           	1EDD0	0000	94
		_nmi_sig_on    		CODE           	1FAE4	0000	4
		_nmi_sig_off   		CODE           	1FAE8	0000	4
		_set_hold_pin  		CODE           	1FA50	0000	18
		_sys_init      		CODE           	1DED0	0000	166
		_bus_hold_req  		CODE           	1F936	0000	24
		_setup_tomer0  		CODE           	1F846	0000	34
		_reset_hold_pin		CODE           	1FA62	0000	18
		_setup_sd      		CODE           	1E3BE	0000	146
		_start_i88     		CODE           	1F66A	0000	54
		_setup_I2C     		CODE           	1F4E0	0000	58
		_bus_release_req		CODE           	1FA2A	0000	20
		_setup_uart5   		CODE           	1F7DC	0000	36
		_reset_ioreq   		CODE           	1FAD0	0000	8

../src/boards/MEZ8847Q_RAM.c estimated size: 684

